 vrviewer

 Timestamp is 57f3cf06 (Tue Oct  4 17:47:18 2016)

 Preferred load address is 0000000180000000

 Start         Length     Name                   Class
 0001:00000000 00003c80H .text                   CODE
 0001:00003c80 000112d0H .text$mn                CODE
 0001:00014f50 00000020H .text$mn$00             CODE
 0001:00014f70 00000280H .text$x                 CODE
 0002:00000000 000002b8H .idata$5                DATA
 0002:000002b8 00000010H .00cfg                  DATA
 0002:000002c8 00000008H .CRT$XCA                DATA
 0002:000002d0 00000008H .CRT$XCU                DATA
 0002:000002d8 00000008H .CRT$XCZ                DATA
 0002:000002e0 00000008H .CRT$XIA                DATA
 0002:000002e8 00000018H .CRT$XIC                DATA
 0002:00000300 00000008H .CRT$XIZ                DATA
 0002:00000308 00000008H .CRT$XPA                DATA
 0002:00000310 00000010H .CRT$XPX                DATA
 0002:00000320 00000008H .CRT$XPXA               DATA
 0002:00000328 00000008H .CRT$XPZ                DATA
 0002:00000330 00000008H .CRT$XTA                DATA
 0002:00000338 00000008H .CRT$XTZ                DATA
 0002:00000340 00008a08H .rdata                  DATA
 0002:00008d48 00000000H .rdata$r                DATA
 0002:00008d48 00000010H .rdata$zETW0            DATA
 0002:00008d58 00000077H .rdata$zETW1            DATA
 0002:00008dcf 0000002cH .rdata$zETW2            DATA
 0002:00008dfb 00000001H .rdata$zETW9            DATA
 0002:00008dfc 00000414H .rdata$zzzdbg           DATA
 0002:00009210 00000008H .rtc$IAA                DATA
 0002:00009218 00000000H .rtc$IMZ                DATA
 0002:00009218 00000008H .rtc$IZZ                DATA
 0002:00009220 00000008H .rtc$TAA                DATA
 0002:00009228 00000000H .rtc$TMZ                DATA
 0002:00009228 00000008H .rtc$TZZ                DATA
 0002:00009230 0000111cH .xdata                  DATA
 0002:0000a34c 00000020H .didat$2                DATA
 0002:0000a36c 00000024H .didat$3                DATA
 0002:0000a390 000000e0H .didat$4                DATA
 0002:0000a470 00000780H .didat$6                DATA
 0002:0000abf0 000000e0H .didat$7                DATA
 0002:0000acd0 00000054H .edata                  DATA
 0002:0000ad24 0000003cH .idata$2                DATA
 0002:0000ad60 00000018H .idata$3                DATA
 0002:0000ad78 000002b8H .idata$4                DATA
 0002:0000b030 00000652H .idata$6                DATA
 0003:00000000 00001408H .data                   DATA
 0003:00001408 00000000H .data$r                 DATA
 0003:00001408 000000f8H .didat$5                DATA
 0003:00001500 000014d0H .bss                    DATA
 0004:00000000 000014acH .pdata                  DATA
 0005:00000000 00000080H .gfids$x                DATA
 0005:00000080 0000001cH .gfids$y                DATA
 0006:00000000 00000060H .rsrc$01                DATA
 0006:00000060 00000180H .rsrc$02                DATA

  Address         Publics by Value              Rva+Base               Lib:Object

 0000:00000000       __guard_iat_table          0000000000000000     <absolute>
 0000:00000000       __guard_iat_count          0000000000000000     <absolute>
 0000:00000000       __dynamic_value_reloc_table 0000000000000000     <absolute>
 0000:00000000       __guard_longjmp_table      0000000000000000     <absolute>
 0000:00000000       __guard_longjmp_count      0000000000000000     <absolute>
 0000:00000000       __guard_fids_count         0000000000000000     <absolute>
 0000:00000000       ___safe_se_handler_table   0000000000000000     <absolute>
 0000:00000000       ___safe_se_handler_count   0000000000000000     <absolute>
 0000:00000000       __guard_fids_table         0000000000000000     <absolute>
 0000:00000100       __guard_flags              0000000000000100     <absolute>
 0000:00000000       __ImageBase                0000000180000000     <linker-defined>
 0001:00000000       __SiAppInitialize          0000000180001000 f   siappMT:siapp.obj
 0001:000013d0       SiInitialize               00000001800023d0 f   siappMT:siapp.obj
 0001:00001440       SiIsInitialized            0000000180002440 f   siappMT:siapp.obj
 0001:000014e0       SiTerminate                00000001800024e0 f   siappMT:siapp.obj
 0001:00001540       SiGetNumDevices            0000000180002540 f   siappMT:siapp.obj
 0001:000015b0       SiGetDeviceID              00000001800025b0 f   siappMT:siapp.obj
 0001:00001630       SiDeviceIndex              0000000180002630 f   siappMT:siapp.obj
 0001:000016b0       SiDispatch                 00000001800026b0 f   siappMT:siapp.obj
 0001:00001740       SiOpenWinInit              0000000180002740 f   siappMT:siapp.obj
 0001:000017c0       SiOpen                     00000001800027c0 f   siappMT:siapp.obj
 0001:00001860       SiOpenPort                 0000000180002860 f   siappMT:siapp.obj
 0001:00001910       SiClose                    0000000180002910 f   siappMT:siapp.obj
 0001:00001980       SiIsSpaceWareEvent         0000000180002980 f   siappMT:siapp.obj
 0001:00001a00       SiGetEventWinInit          0000000180002a00 f   siappMT:siapp.obj
 0001:00001a80       SiGetEvent                 0000000180002a80 f   siappMT:siapp.obj
 0001:00001be0       SiPeekEvent                0000000180002be0 f   siappMT:siapp.obj
 0001:00001d40       SiBeep                     0000000180002d40 f   siappMT:siapp.obj
 0001:00001dc0       SiSetLEDs                  0000000180002dc0 f   siappMT:siapp.obj
 0001:00001e60       SiRezero                   0000000180002e60 f   siappMT:siapp.obj
 0001:00001ed0       SiGrabDevice               0000000180002ed0 f   siappMT:siapp.obj
 0001:00001f50       SiReleaseDevice            0000000180002f50 f   siappMT:siapp.obj
 0001:00001fc0       SiButtonPressed            0000000180002fc0 f   siappMT:siapp.obj
 0001:00002040       SiButtonReleased           0000000180003040 f   siappMT:siapp.obj
 0001:000020c0       SiSetUiMode                00000001800030c0 f   siappMT:siapp.obj
 0001:00002140       SiSetTypeMask              0000000180003140 f   siappMT:siapp.obj
 0001:000021a0       SiGetDevicePort            00000001800031a0 f   siappMT:siapp.obj
 0001:00002220       SiGetDriverInfo            0000000180003220 f   siappMT:siapp.obj
 0001:00002290       SiGetLibraryInfo           0000000180003290 f   siappMT:siapp.obj
 0001:00002300       SiGetDeviceInfo            0000000180003300 f   siappMT:siapp.obj
 0001:00002380       SpwErrorString             0000000180003380 f   siappMT:siapp.obj
 0001:000023e0       SiSyncSendQuery            00000001800033e0 f   siappMT:siapp.obj
 0001:00002450       SiSyncGetVersion           0000000180003450 f   siappMT:siapp.obj
 0001:000024f0       SiSyncGetNumberOfFunctions 00000001800034f0 f   siappMT:siapp.obj
 0001:00002580       SiSyncGetFunction          0000000180003580 f   siappMT:siapp.obj
 0001:00002640       SiSyncGetButtonAssignment  0000000180003640 f   siappMT:siapp.obj
 0001:000026e0       SiSyncSetButtonAssignment  00000001800036e0 f   siappMT:siapp.obj
 0001:00002780       SiSyncSetButtonAssignmentAbsolute 0000000180003780 f   siappMT:siapp.obj
 0001:00002810       SiSyncSetButtonName        0000000180003810 f   siappMT:siapp.obj
 0001:000028b0       SiSyncGetAxisLabel         00000001800038b0 f   siappMT:siapp.obj
 0001:00002970       SiSyncSetAxisLabel         0000000180003970 f   siappMT:siapp.obj
 0001:00002a10       SiSyncGetOrientation       0000000180003a10 f   siappMT:siapp.obj
 0001:00002aa0       SiSyncSetOrientation       0000000180003aa0 f   siappMT:siapp.obj
 0001:00002b30       SiSyncGetFilter            0000000180003b30 f   siappMT:siapp.obj
 0001:00002bd0       SiSyncSetFilter            0000000180003bd0 f   siappMT:siapp.obj
 0001:00002c80       SiSyncGetAxesState         0000000180003c80 f   siappMT:siapp.obj
 0001:00002d10       SiSyncSetAxesState         0000000180003d10 f   siappMT:siapp.obj
 0001:00002d90       SiSyncSetInfoLine          0000000180003d90 f   siappMT:siapp.obj
 0001:00002e20       SiSyncGetScaleOverall      0000000180003e20 f   siappMT:siapp.obj
 0001:00002eb0       SiSyncSetScaleOverall      0000000180003eb0 f   siappMT:siapp.obj
 0001:00002f30       SiSyncGetScaleTx           0000000180003f30 f   siappMT:siapp.obj
 0001:00002fc0       SiSyncSetScaleTx           0000000180003fc0 f   siappMT:siapp.obj
 0001:00003040       SiSyncGetScaleTy           0000000180004040 f   siappMT:siapp.obj
 0001:000030d0       SiSyncSetScaleTy           00000001800040d0 f   siappMT:siapp.obj
 0001:00003150       SiSyncGetScaleTz           0000000180004150 f   siappMT:siapp.obj
 0001:000031e0       SiSyncSetScaleTz           00000001800041e0 f   siappMT:siapp.obj
 0001:00003260       SiSyncGetScaleRx           0000000180004260 f   siappMT:siapp.obj
 0001:000032f0       SiSyncSetScaleRx           00000001800042f0 f   siappMT:siapp.obj
 0001:00003370       SiSyncGetScaleRy           0000000180004370 f   siappMT:siapp.obj
 0001:00003400       SiSyncSetScaleRy           0000000180004400 f   siappMT:siapp.obj
 0001:00003480       SiSyncGetScaleRz           0000000180004480 f   siappMT:siapp.obj
 0001:00003510       SiSyncSetScaleRz           0000000180004510 f   siappMT:siapp.obj
 0001:00003590       SiSyncInvokeAbsoluteFunction 0000000180004590 f   siappMT:siapp.obj
 0001:00003620       SiSyncSetButtonState       0000000180004620 f   siappMT:siapp.obj
 0001:000036b0       SiGetDeviceName            00000001800046b0 f   siappMT:siapp.obj
 0001:00003740       SiGetButtonName            0000000180004740 f   siappMT:siapp.obj
 0001:000037e0       SiGetDeviceImageFileName   00000001800047e0 f   siappMT:siapp.obj
 0001:00003890       SiGetCompanyIcon           0000000180004890 f   siappMT:siapp.obj
 0001:000038e0       SiGetCompanyLogoFileName   00000001800048e0 f   siappMT:siapp.obj
 0001:00003980       SiSyncSuspendFileWriting   0000000180004980 f   siappMT:siapp.obj
 0001:00003a10       SiSyncResumeFileWriting    0000000180004a10 f   siappMT:siapp.obj
 0001:00003a98       ?TraceLoggingRegister@__vcrt_trace_logging_provider@@YAJPEBU_TlgProvider_t@1@PEBU_GUID@@P6AX1KE_K2PEAU_EVENT_FILTER_DESCRIPTOR@@PEAX@Z4@Z 0000000180004a98 f i libvcruntime:telemetry.obj
 0001:00003b14       ?_TlgEnableCallback@__vcrt_trace_logging_provider@@YAXPEBU_GUID@@KE_K1PEAU_EVENT_FILTER_DESCRIPTOR@@PEAX@Z 0000000180004b14 f i libvcruntime:telemetry.obj
 0001:00003bd8       ?_TlgWrite@__vcrt_trace_logging_provider@@YAJPEBU_TlgProvider_t@1@PEFBXPEBU_GUID@@2IPEAU_EVENT_DATA_DESCRIPTOR@@@Z 0000000180004bd8 f i libvcruntime:telemetry.obj
 0001:00003c80       __local_stdio_printf_options 0000000180004c80 f i binding.obj
 0001:00003c90       sprintf                    0000000180004c90 f i binding.obj
 0001:00003da0       ?New@?$Factory@VFunctionTemplate@v8@@@imp@Nan@@SA?AV?$Local@VFunctionTemplate@v8@@@v8@@P6AXAEBV?$FunctionCallbackInfo@VValue@v8@@@3@@ZV?$Local@VValue@v8@@@5@V?$Local@VSignature@v8@@@5@@Z 0000000180004da0 f i binding.obj
 0001:00003f30       ?ThrowError@Nan@@YAXPEBD@Z 0000000180004f30 f i binding.obj
 0001:00004160       ?enum_windows_callback@@YAHPEAUHWND__@@_J@Z 0000000180005160 f   binding.obj
 0001:00004510       ?mainWndProc@@YA_JH_K_J@Z  0000000180005510 f   binding.obj
 0001:000045e0       ?init3dConnexion@@YAXAEBV?$FunctionCallbackInfo@VValue@v8@@@Nan@@@Z 00000001800055e0 f   binding.obj
 0001:000047c0       ?get3dEvent@@YAXAEBV?$FunctionCallbackInfo@VValue@v8@@@Nan@@@Z 00000001800057c0 f   binding.obj
 0001:00004ac0       ?close3dConnexion@@YAXAEBV?$FunctionCallbackInfo@VValue@v8@@@Nan@@@Z 0000000180005ac0 f   binding.obj
 0001:00004b10       ?Init@@YAXV?$Local@VObject@v8@@@v8@@@Z 0000000180005b10 f   binding.obj
 0001:00004e29       __imp_load_?Value@External@v8@@QEBAPEAXXZ 0000000180005e29 f   node:node.exe
 0001:00004e35       __tailMerge_node_exe       0000000180005e35 f i node:node.exe
 0001:00004eae       __imp_load_?New@External@v8@@SA?AV?$Local@VExternal@v8@@@2@PEAVIsolate@2@PEAX@Z 0000000180005eae f   node:node.exe
 0001:00004eba       __imp_load_?ThrowException@Isolate@v8@@QEAA?AV?$Local@VValue@v8@@@2@V32@@Z 0000000180005eba f   node:node.exe
 0001:00004ec6       __imp_load_?GetCurrentContext@Isolate@v8@@QEAA?AV?$Local@VContext@v8@@@2@XZ 0000000180005ec6 f   node:node.exe
 0001:00004ed2       __imp_load_?GetCurrent@Isolate@v8@@SAPEAV12@XZ 0000000180005ed2 f   node:node.exe
 0001:00004ede       __imp_load_?CreateHandle@HandleScope@v8@@KAPEAPEAVObject@internal@2@PEAVIsolate@42@PEAV342@@Z 0000000180005ede f   node:node.exe
 0001:00004eea       __imp_load_?CreateHandle@HandleScope@v8@@CAPEAPEAVObject@internal@2@PEAVHeapObject@42@PEAV342@@Z 0000000180005eea f   node:node.exe
 0001:00004ef6       __imp_load_??1HandleScope@v8@@QEAA@XZ 0000000180005ef6 f   node:node.exe
 0001:00004f02       __imp_load_??0HandleScope@v8@@QEAA@PEAVIsolate@1@@Z 0000000180005f02 f   node:node.exe
 0001:00004f0e       __imp_load_?Error@Exception@v8@@SA?AV?$Local@VValue@v8@@@2@V?$Local@VString@v8@@@2@@Z 0000000180005f0e f   node:node.exe
 0001:00004f1a       __imp_load_?GetFunction@FunctionTemplate@v8@@QEAA?AV?$MaybeLocal@VFunction@v8@@@2@V?$Local@VContext@v8@@@2@@Z 0000000180005f1a f   node:node.exe
 0001:00004f26       __imp_load_?New@FunctionTemplate@v8@@SA?AV?$Local@VFunctionTemplate@v8@@@2@PEAVIsolate@2@P6AXAEBV?$FunctionCallbackInfo@VValue@v8@@@2@@ZV?$Local@VValue@v8@@@2@V?$Local@VSignature@v8@@@2@H@Z 0000000180005f26 f   node:node.exe
 0001:00004f32       __imp_load_?ToLocalEmpty@V8@v8@@CAXXZ 0000000180005f32 f   node:node.exe
 0001:00004f3e       __imp_load_?ToString@Value@v8@@QEBA?AV?$MaybeLocal@VString@v8@@@2@V?$Local@VContext@v8@@@2@@Z 0000000180005f3e f   node:node.exe
 0001:00004f4a       __imp_load_?Escape@EscapableHandleScope@v8@@AEAAPEAPEAVObject@internal@2@PEAPEAV342@@Z 0000000180005f4a f   node:node.exe
 0001:00004f56       __imp_load_??0EscapableHandleScope@v8@@QEAA@PEAVIsolate@1@@Z 0000000180005f56 f   node:node.exe
 0001:00004f62       __imp_load_??1Utf8Value@String@v8@@QEAA@XZ 0000000180005f62 f   node:node.exe
 0001:00004f6e       __imp_load_??0Utf8Value@String@v8@@QEAA@V?$Local@VValue@v8@@@2@@Z 0000000180005f6e f   node:node.exe
 0001:00004f7a       __imp_load_?NewFromUtf8@String@v8@@SA?AV?$MaybeLocal@VString@v8@@@2@PEAVIsolate@2@PEBDW4NewStringType@2@H@Z 0000000180005f7a f   node:node.exe
 0001:00004f86       __imp_load_?SlowGetInternalField@Object@v8@@AEAA?AV?$Local@VValue@v8@@@2@H@Z 0000000180005f86 f   node:node.exe
 0001:00004f92       __imp_load_?SetInternalField@Object@v8@@QEAAXHV?$Local@VValue@v8@@@2@@Z 0000000180005f92 f   node:node.exe
 0001:00004f9e       __imp_load_?Set@Object@v8@@QEAA?AV?$Maybe@_N@2@V?$Local@VContext@v8@@@2@V?$Local@VValue@v8@@@2@1@Z 0000000180005f9e f   node:node.exe
 0001:00004faa       __imp_load_?SetInternalFieldCount@ObjectTemplate@v8@@QEAAXH@Z 0000000180005faa f   node:node.exe
 0001:00004fb6       __imp_load_?NewInstance@ObjectTemplate@v8@@QEAA?AV?$MaybeLocal@VObject@v8@@@2@V?$Local@VContext@v8@@@2@@Z 0000000180005fb6 f   node:node.exe
 0001:00004fc2       __imp_load_?New@ObjectTemplate@v8@@SA?AV?$Local@VObjectTemplate@v8@@@2@PEAVIsolate@2@V?$Local@VFunctionTemplate@v8@@@2@@Z 0000000180005fc2 f   node:node.exe
 0001:00004fce       __imp_load_?Encode@node@@YA?AV?$Local@VValue@v8@@@v8@@PEAVIsolate@3@PEBD_KW4encoding@1@@Z 0000000180005fce f   node:node.exe
 0001:00004fda       __imp_load_node_module_register 0000000180005fda f   node:node.exe
 0001:00005000       __security_check_cookie    0000000180006000 f   LIBCMT:_amdsecgs_.obj
 0001:00005394       _DllMainCRTStartup         0000000180006394 f   LIBCMT:dll_dllmain.obj
 0001:000053d4       __GSHandlerCheck           00000001800063d4 f   LIBCMT:_gshandler_.obj
 0001:000053f4       __GSHandlerCheckCommon     00000001800063f4 f   LIBCMT:_gshandler_.obj
 0001:00005450       _RTC_CheckStackVars        0000000180006450 f   LIBCMT:_stack_.obj
 0001:000054c4       __raise_securityfailure    00000001800064c4 f   LIBCMT:gs_report.obj
 0001:000054f8       __report_gsfailure         00000001800064f8 f   LIBCMT:gs_report.obj
 0001:000055cc       __report_rangecheckfailure 00000001800065cc f   LIBCMT:gs_report.obj
 0001:000055e0       __report_securityfailure   00000001800065e0 f   LIBCMT:gs_report.obj
 0001:00005760       __scrt_acquire_startup_lock 0000000180006760 f   LIBCMT:utility.obj
 0001:0000579c       __scrt_dllmain_after_initialize_c 000000018000679c f   LIBCMT:utility.obj
 0001:000057d0       __scrt_dllmain_before_initialize_c 00000001800067d0 f   LIBCMT:utility.obj
 0001:000057e8       __scrt_dllmain_crt_thread_attach 00000001800067e8 f   LIBCMT:utility.obj
 0001:00005810       __scrt_dllmain_crt_thread_detach 0000000180006810 f   LIBCMT:utility.obj
 0001:00005828       __scrt_dllmain_exception_filter 0000000180006828 f   LIBCMT:utility.obj
 0001:0000588c       __scrt_dllmain_uninitialize_c 000000018000688c f   LIBCMT:utility.obj
 0001:000058bc       __scrt_dllmain_uninitialize_critical 00000001800068bc f   LIBCMT:utility.obj
 0001:000058d0       __scrt_initialize_crt      00000001800068d0 f   LIBCMT:utility.obj
 0001:0000591c       __scrt_initialize_onexit_tables 000000018000691c f   LIBCMT:utility.obj
 0001:000059e8       __scrt_is_nonwritable_in_current_image 00000001800069e8 f   LIBCMT:utility.obj
 0001:00005a84       __scrt_release_startup_lock 0000000180006a84 f   LIBCMT:utility.obj
 0001:00005aa8       __scrt_uninitialize_crt    0000000180006aa8 f   LIBCMT:utility.obj
 0001:00005ad4       _onexit                    0000000180006ad4 f   LIBCMT:utility.obj
 0001:00005b24       atexit                     0000000180006b24 f   LIBCMT:utility.obj
 0001:00005b3c       __security_init_cookie     0000000180006b3c f   LIBCMT:gs_support.obj
 0001:00005be8       ?__scrt_initialize_type_info@@YAXXZ 0000000180006be8 f   LIBCMT:tncleanup.obj
 0001:00005bf8       ?__scrt_uninitialize_type_info@@YAXXZ 0000000180006bf8 f   LIBCMT:tncleanup.obj
 0001:00005c04       __local_stdio_scanf_options 0000000180006c04 f i LIBCMT:default_local_stdio_options.obj
 0001:00005c0c       __scrt_initialize_default_local_stdio_options 0000000180006c0c f   LIBCMT:default_local_stdio_options.obj
 0001:00005c28       __scrt_get_dyn_tls_init_callback 0000000180006c28 f   LIBCMT:dyn_tls_init.obj
 0001:00005c30       __crt_debugger_hook        0000000180006c30 f   LIBCMT:utility_desktop.obj
 0001:00005c38       __scrt_fastfail            0000000180006c38 f   LIBCMT:utility_desktop.obj
 0001:00005d80       _RTC_Initialize            0000000180006d80 f   LIBCMT:_initsect_.obj
 0001:00005dcc       _RTC_Terminate             0000000180006dcc f   LIBCMT:_initsect_.obj
 0001:00005e18       _guard_check_icall         0000000180006e18 f i LIBCMT:checkcfg.obj
 0001:00005eac       ?_RTC_StackFailure@@YAXPEAXPEBD@Z 0000000180006eac f   LIBCMT:_error_.obj
 0001:000061f8       ?_RTC_GetErrorFunc@@YAP6AHHPEBDH00ZZPEBX@Z 00000001800071f8 f   LIBCMT:_userapi_.obj
 0001:00006200       ?_RTC_GetErrorFuncW@@YAP6AHHPEB_WH00ZZPEBX@Z 0000000180007200 f   LIBCMT:_userapi_.obj
 0001:00006208       __isa_available_init       0000000180007208 f   LIBCMT:_cpu_disp_.obj
 0001:000063cc       DllMain                    00000001800073cc f   LIBCMT:dll_dllmain_stub.obj
 0001:000063cc       _get_startup_argv_mode     00000001800073cc f   LIBCMT:argv_mode.obj
 0001:000063d4       __scrt_is_ucrt_dll_in_use  00000001800073d4 f   LIBCMT:ucrt_detection.obj
 0001:00006664       ?_RTC_GetSrcLine@@YAHPEAEPEA_WKPEAH1K@Z 0000000180007664 f   LIBCMT:_pdblkup_.obj
 0001:00006aa4       __telemetry_main_invoke_trigger 0000000180007aa4 f   libvcruntime:telemetry.obj
 0001:00006bbc       __telemetry_main_return_trigger 0000000180007bbc f   libvcruntime:telemetry.obj
 0001:00006cd4       __vcrt_initialize_telemetry_provider 0000000180007cd4 f   libvcruntime:telemetry.obj
 0001:00006ce8       __vcrt_uninitialize_telemetry_provider 0000000180007ce8 f   libvcruntime:telemetry.obj
 0001:00006d08       __C_specific_handler       0000000180007d08 f   libvcruntime:_chandler_.obj
 0001:00006f04       __vcrt_initialize          0000000180007f04 f   libvcruntime:initialization.obj
 0001:00006f3c       __vcrt_thread_attach       0000000180007f3c f   libvcruntime:initialization.obj
 0001:00006f50       __vcrt_thread_detach       0000000180007f50 f   libvcruntime:initialization.obj
 0001:00006f64       __vcrt_uninitialize        0000000180007f64 f   libvcruntime:initialization.obj
 0001:00006f90       __vcrt_uninitialize_critical 0000000180007f90 f   libvcruntime:initialization.obj
 0001:00006fa0       __std_type_info_destroy_list 0000000180007fa0 f   libvcruntime:std_type_info.obj
 0001:00006fe0       memset                     0000000180007fe0 f   libvcruntime:memset.obj
 0001:00007180       __vcrt_GetModuleFileNameW  0000000180008180 f   libvcruntime:winapi_thunks.obj
 0001:00007188       __vcrt_LoadLibraryExW      0000000180008188 f   libvcruntime:winapi_thunks.obj
 0001:00007358       __vcrt_EventRegister       0000000180008358 f   libvcruntime:winapi_downlevel.obj
 0001:000073dc       __vcrt_EventSetInformation 00000001800083dc f   libvcruntime:winapi_downlevel.obj
 0001:00007460       __vcrt_EventUnregister     0000000180008460 f   libvcruntime:winapi_downlevel.obj
 0001:000074b4       __vcrt_EventWriteTransfer  00000001800084b4 f   libvcruntime:winapi_downlevel.obj
 0001:0000754c       __vcrt_FlsAlloc            000000018000854c f   libvcruntime:winapi_downlevel.obj
 0001:000075a0       __vcrt_FlsFree             00000001800085a0 f   libvcruntime:winapi_downlevel.obj
 0001:000075f4       __vcrt_FlsGetValue         00000001800085f4 f   libvcruntime:winapi_downlevel.obj
 0001:00007648       __vcrt_FlsSetValue         0000000180008648 f   libvcruntime:winapi_downlevel.obj
 0001:000076b0       __vcrt_InitializeCriticalSectionEx 00000001800086b0 f   libvcruntime:winapi_downlevel.obj
 0001:00007728       __vcrt_initialize_winapi_thunks 0000000180008728 f   libvcruntime:winapi_downlevel.obj
 0001:00007760       __vcrt_uninitialize_winapi_thunks 0000000180008760 f   libvcruntime:winapi_downlevel.obj
 0001:000077b0       _local_unwind              00000001800087b0 f   libvcruntime:_jmpuwind_.obj
 0001:000077e0       _NLG_Notify                00000001800087e0 f   libvcruntime:_jmpuwind_.obj
 0001:00007800       __NLG_Dispatch2            0000000180008800 f   libvcruntime:_jmpuwind_.obj
 0001:00007810       __NLG_Return2              0000000180008810 f   libvcruntime:_jmpuwind_.obj
 0001:00007814       __except_validate_context_record 0000000180008814 f   libvcruntime:jbcxrval.obj
 0001:00007814       _guard_check_icall_nop     0000000180008814 f   LIBCMT:guard_support.obj
 0001:00007818       __vcrt_freefls             0000000180008818 f   libvcruntime:per_thread_data.obj
 0001:00007838       __vcrt_freeptd             0000000180008838 f   libvcruntime:per_thread_data.obj
 0001:00007888       __vcrt_getptd_noexit       0000000180008888 f   libvcruntime:per_thread_data.obj
 0001:00007940       __vcrt_initialize_ptd      0000000180008940 f   libvcruntime:per_thread_data.obj
 0001:00007980       __vcrt_uninitialize_ptd    0000000180008980 f   libvcruntime:per_thread_data.obj
 0001:000079a4       __vcrt_initialize_locks    00000001800089a4 f   libvcruntime:locks.obj
 0001:000079ec       __vcrt_uninitialize_locks  00000001800089ec f   libvcruntime:locks.obj
 0001:00007a24       __vcrt_initialize_pure_virtual_call_handler 0000000180008a24 f   libvcruntime:purevirt_data.obj
 0001:00007a48       ??$ensure_buffer_is_big_enough@D@formatting_buffer@__crt_stdio_output@@QEAA_N_K@Z 0000000180008a48 f i libucrt:output.obj
 0001:00007af4       ??$is_wide_character_specifier@D@__crt_stdio_output@@YA_N_KDW4length_modifier@0@@Z 0000000180008af4 f i libucrt:output.obj
 0001:00007b24       ??$type_case_integer_parse_into_buffer@I@?$output_processor@DV?$string_output_adapter@D@__crt_stdio_output@@V?$standard_base@DV?$string_output_adapter@D@__crt_stdio_output@@@2@@__crt_stdio_output@@AEAAXII_N@Z 0000000180008b24 f i libucrt:output.obj
 0001:00007bc0       ??$type_case_integer_parse_into_buffer@_K@?$output_processor@DV?$string_output_adapter@D@__crt_stdio_output@@V?$standard_base@DV?$string_output_adapter@D@__crt_stdio_output@@@2@@__crt_stdio_output@@AEAAX_KI_N@Z 0000000180008bc0 f i libucrt:output.obj
 0001:00007c5c       ??$write_multiple_characters@V?$string_output_adapter@D@__crt_stdio_output@@D@__crt_stdio_output@@YAXAEBV?$string_output_adapter@D@0@DHQEAH@Z 0000000180008c5c f i libucrt:output.obj
 0001:00007cb8       ??0?$output_processor@DV?$string_output_adapter@D@__crt_stdio_output@@V?$standard_base@DV?$string_output_adapter@D@__crt_stdio_output@@@2@@__crt_stdio_output@@QEAA@AEBV?$string_output_adapter@D@1@_KQEBDQEAU__crt_locale_pointers@@QEAD@Z 0000000180008cb8 f i libucrt:output.obj
 0001:00007d34       ??0_LocaleUpdate@@QEAA@QEAU__crt_locale_pointers@@@Z 0000000180008d34 f i libucrt:output.obj
 0001:00007dc4       ?force_decimal_point@__crt_stdio_output@@YAXPEADQEAU__crt_locale_pointers@@@Z 0000000180008dc4 f i libucrt:output.obj
 0001:00007e34       ?parse_int_from_format_string@?$output_processor@DV?$string_output_adapter@D@__crt_stdio_output@@V?$standard_base@DV?$string_output_adapter@D@__crt_stdio_output@@@2@@__crt_stdio_output@@AEAA_NQEAH@Z 0000000180008e34 f i libucrt:output.obj
 0001:00007eb8       ?process@?$output_processor@DV?$string_output_adapter@D@__crt_stdio_output@@V?$standard_base@DV?$string_output_adapter@D@__crt_stdio_output@@@2@@__crt_stdio_output@@QEAAHXZ 0000000180008eb8 f i libucrt:output.obj
 0001:000080bc       ?state_case_normal@?$output_processor@DV?$string_output_adapter@D@__crt_stdio_output@@V?$standard_base@DV?$string_output_adapter@D@__crt_stdio_output@@@2@@__crt_stdio_output@@AEAA_NXZ 00000001800090bc f i libucrt:output.obj
 0001:00008130       ?state_case_normal_tchar@?$output_processor@DV?$string_output_adapter@D@__crt_stdio_output@@V?$standard_base@DV?$string_output_adapter@D@__crt_stdio_output@@@2@@__crt_stdio_output@@AEAA_ND@Z 0000000180009130 f i libucrt:output.obj
 0001:000081c8       ?state_case_size@?$output_processor@DV?$string_output_adapter@D@__crt_stdio_output@@V?$standard_base@DV?$string_output_adapter@D@__crt_stdio_output@@@2@@__crt_stdio_output@@AEAA_NXZ 00000001800091c8 f i libucrt:output.obj
 0001:00008344       ?state_case_type@?$output_processor@DV?$string_output_adapter@D@__crt_stdio_output@@V?$standard_base@DV?$string_output_adapter@D@__crt_stdio_output@@@2@@__crt_stdio_output@@AEAA_NXZ 0000000180009344 f i libucrt:output.obj
 0001:000085c0       ?type_case_Z@?$output_processor@DV?$string_output_adapter@D@__crt_stdio_output@@V?$standard_base@DV?$string_output_adapter@D@__crt_stdio_output@@@2@@__crt_stdio_output@@AEAA_NXZ 00000001800095c0 f i libucrt:output.obj
 0001:00008640       ?type_case_a@?$output_processor@DV?$string_output_adapter@D@__crt_stdio_output@@V?$standard_base@DV?$string_output_adapter@D@__crt_stdio_output@@@2@@__crt_stdio_output@@AEAA_NXZ 0000000180009640 f i libucrt:output.obj
 0001:0000885c       ?type_case_c_tchar@?$output_processor@DV?$string_output_adapter@D@__crt_stdio_output@@V?$standard_base@DV?$string_output_adapter@D@__crt_stdio_output@@@2@@__crt_stdio_output@@AEAA_ND@Z 000000018000985c f i libucrt:output.obj
 0001:00008910       ?type_case_integer@?$output_processor@DV?$string_output_adapter@D@__crt_stdio_output@@V?$standard_base@DV?$string_output_adapter@D@__crt_stdio_output@@@2@@__crt_stdio_output@@AEAA_NI_N@Z 0000000180009910 f i libucrt:output.obj
 0001:00008ab0       ?type_case_n@?$output_processor@DV?$string_output_adapter@D@__crt_stdio_output@@V?$standard_base@DV?$string_output_adapter@D@__crt_stdio_output@@@2@@__crt_stdio_output@@AEAA_NXZ 0000000180009ab0 f i libucrt:output.obj
 0001:00008b8c       ?type_case_s@?$output_processor@DV?$string_output_adapter@D@__crt_stdio_output@@V?$standard_base@DV?$string_output_adapter@D@__crt_stdio_output@@@2@@__crt_stdio_output@@AEAA_NXZ 0000000180009b8c f i libucrt:output.obj
 0001:00008c1c       ?write_stored_string_tchar@?$output_processor@DV?$string_output_adapter@D@__crt_stdio_output@@V?$standard_base@DV?$string_output_adapter@D@__crt_stdio_output@@@2@@__crt_stdio_output@@AEAA_ND@Z 0000000180009c1c f i libucrt:output.obj
 0001:00008cf4       ?write_string@?$string_output_adapter@D@__crt_stdio_output@@QEBAXQEBDHQEAH1@Z 0000000180009cf4 f i libucrt:output.obj
 0001:00008db0       __stdio_common_vsprintf    0000000180009db0 f   libucrt:output.obj
 0001:00008fe4       __ascii_stricmp            0000000180009fe4 f   libucrt:stricmp.obj
 0001:00009020       _stricmp                   000000018000a020 f   libucrt:stricmp.obj
 0001:00009068       _stricmp_l                 000000018000a068 f   libucrt:stricmp.obj
 0001:00009130       strlen                     000000018000a130 f   libucrt:strlen.obj
 0001:000091d8       free                       000000018000a1d8 f   libucrt:free.obj
 0001:000091e0       malloc                     000000018000a1e0 f   libucrt:malloc.obj
 0001:000091e8       _initterm                  000000018000a1e8 f   libucrt:initterm.obj
 0001:00009260       _initterm_e                000000018000a260 f   libucrt:initterm.obj
 0001:000092ac       _seh_filter_dll            000000018000a2ac f   libucrt:exception_filter.obj
 0001:000092c0       _seh_filter_exe            000000018000a2c0 f   libucrt:exception_filter.obj
 0001:00009680       __acrt_initialize_thread_local_exit_callback 000000018000a680 f   libucrt:exit.obj
 0001:00009688       _cexit                     000000018000a688 f   libucrt:exit.obj
 0001:00009698       _exit                      000000018000a698 f   libucrt:exit.obj
 0001:000096a4       _is_c_termination_complete 000000018000a6a4 f   libucrt:exit.obj
 0001:00009868       __acrt_allocate_buffer_for_argv 000000018000a868 f   libucrt:argv_parsing.obj
 0001:000098cc       _configure_narrow_argv     000000018000a8cc f   libucrt:argv_parsing.obj
 0001:00009c28       __dcrt_uninitialize_environments_nolock 000000018000ac28 f   libucrt:environment_initialization.obj
 0001:00009c60       _initialize_narrow_environment 000000018000ac60 f   libucrt:environment_initialization.obj
 0001:00009c68       ??$?RV<lambda_b8c45f8f788dd370798f47cfe8ac3a86>@@AEAV<lambda_4e60a939b0d047cfe11ddc22648dfba9>@@V<lambda_332c3edc96d0294ec56c57d38c1cdfd5>@@@?$__crt_seh_guarded_call@H@@QEAAH$$QEAV<lambda_b8c45f8f788dd370798f47cfe8ac3a86>@@AEAV<lambda_4e60a939b0d047cfe11ddc22648dfba9>@@$$QEAV<lambda_332c3edc96d0294ec56c57d38c1cdfd5>@@@Z 000000018000ac68 f i libucrt:onexit.obj
 0001:00009ca4       ??$?RV<lambda_e24bbb7b643b32fcea6fa61b31d4c984>@@AEAV<lambda_275893d493268fdec8709772e3fcec0e>@@V<lambda_9d71df4d7cf3f480f8d633942495c3b0>@@@?$__crt_seh_guarded_call@H@@QEAAH$$QEAV<lambda_e24bbb7b643b32fcea6fa61b31d4c984>@@AEAV<lambda_275893d493268fdec8709772e3fcec0e>@@$$QEAV<lambda_9d71df4d7cf3f480f8d633942495c3b0>@@@Z 000000018000aca4 f i libucrt:onexit.obj
 0001:0000a020       _crt_atexit                000000018000b020 f   libucrt:onexit.obj
 0001:0000a030       _execute_onexit_table      000000018000b030 f   libucrt:onexit.obj
 0001:0000a06c       _initialize_onexit_table   000000018000b06c f   libucrt:onexit.obj
 0001:0000a0ac       _register_onexit_function  000000018000b0ac f   libucrt:onexit.obj
 0001:0000a13c       __acrt_uninitialize_command_line 000000018000b13c f   libucrt:argv_data.obj
 0001:0000a22c       __acrt_initialize          000000018000b22c f   libucrt:initialization.obj
 0001:0000a240       __acrt_thread_attach       000000018000b240 f   libucrt:initialization.obj
 0001:0000a254       __acrt_thread_detach       000000018000b254 f   libucrt:initialization.obj
 0001:0000a264       __acrt_uninitialize        000000018000b264 f   libucrt:initialization.obj
 0001:0000a278       __acrt_uninitialize_critical 000000018000b278 f   libucrt:initialization.obj
 0001:0000a288       terminate                  000000018000b288 f   libucrt:terminate.obj
 0001:0000a2b0       _free_base                 000000018000b2b0 f   libucrt:free_base.obj
 0001:0000a2f0       _malloc_base               000000018000b2f0 f   libucrt:malloc_base.obj
 0001:0000a350       strcpy_s                   000000018000b350 f   libucrt:strcpy_s.obj
 0001:0000a3b0       abort                      000000018000b3b0 f   libucrt:abort.obj
 0001:0000a408       _calloc_base               000000018000b408 f   libucrt:calloc_base.obj
 0001:0000a480       ??$is_overflow_condition@K@__crt_strtox@@YA_NIK@Z 000000018000b480 f i libucrt:atox.obj
 0001:0000a4ac       ??$parse_integer@KV?$c_string_character_source@D@__crt_strtox@@@__crt_strtox@@YAKQEAU__crt_locale_pointers@@V?$c_string_character_source@D@0@H_N@Z 000000018000b4ac f i libucrt:atox.obj
 0001:0000a7c0       __acrt_call_reportfault    000000018000b7c0 f   libucrt:invalid_parameter.obj
 0001:0000a91c       __acrt_initialize_invalid_parameter_handler 000000018000b91c f   libucrt:invalid_parameter.obj
 0001:0000a924       _invalid_parameter         000000018000b924 f   libucrt:invalid_parameter.obj
 0001:0000a9cc       _invalid_parameter_noinfo  000000018000b9cc f   libucrt:invalid_parameter.obj
 0001:0000a9ec       _invoke_watson             000000018000b9ec f   libucrt:invalid_parameter.obj
 0001:0000aa34       isdigit                    000000018000ba34 f i libucrt:_ctype.obj
 0001:0000aaf8       _tolower_l                 000000018000baf8 f   libucrt:tolower_toupper.obj
 0001:0000ac38       tolower                    000000018000bc38 f   libucrt:tolower_toupper.obj
 0001:0000ac64       __acrt_errno_from_os_error 000000018000bc64 f   libucrt:errno.obj
 0001:0000acac       __acrt_errno_map_os_error  000000018000bcac f   libucrt:errno.obj
 0001:0000acfc       __doserrno                 000000018000bcfc f   libucrt:errno.obj
 0001:0000ad1c       _errno                     000000018000bd1c f   libucrt:errno.obj
 0001:0000ad3c       ??$make_c_string_character_source@DPEAPEAD@__crt_strtox@@YA?AV?$c_string_character_source@D@0@QEBDQEAPEAD@Z 000000018000bd3c f i libucrt:strtox.obj
 0001:0000ad50       strtol                     000000018000bd50 f   libucrt:strtox.obj
 0001:0000ad80       _mbtowc_l                  000000018000bd80 f   libucrt:mbtowc.obj
 0001:0000aec8       mbtowc                     000000018000bec8 f   libucrt:mbtowc.obj
 0001:0000aed0       _wctomb_s_l                000000018000bed0 f   libucrt:wctomb.obj
 0001:0000b054       wctomb_s                   000000018000c054 f   libucrt:wctomb.obj
 0001:0000b068       strnlen                    000000018000c068 f   libucrt:strnlen.obj
 0001:0000b1c4       wcsnlen                    000000018000c1c4 f   libucrt:strnlen.obj
 0001:0000b3b4       ??$?RV<lambda_46352004c1216016012b18bd6f87e700>@@AEAV<lambda_3bd07e1a1191394380780325891bf33f>@@V<lambda_334532d3f185bcaa59b5be82d7d22bff>@@@?$__crt_seh_guarded_call@X@@QEAAX$$QEAV<lambda_46352004c1216016012b18bd6f87e700>@@AEAV<lambda_3bd07e1a1191394380780325891bf33f>@@$$QEAV<lambda_334532d3f185bcaa59b5be82d7d22bff>@@@Z 000000018000c3b4 f i libucrt:per_thread_data.obj
 0001:0000b414       ??$?RV<lambda_5e887d1dcbef67a5eb4283622ba103bf>@@AEAV<lambda_4466841279450cc726390878d4a41900>@@V<lambda_341c25c0346d94847f1f3c463c57e077>@@@?$__crt_seh_guarded_call@X@@QEAAX$$QEAV<lambda_5e887d1dcbef67a5eb4283622ba103bf>@@AEAV<lambda_4466841279450cc726390878d4a41900>@@$$QEAV<lambda_341c25c0346d94847f1f3c463c57e077>@@@Z 000000018000c414 f i libucrt:per_thread_data.obj
 0001:0000b45c       ??$?RV<lambda_72d1df2b273a38828b1ce30cbf4cdab5>@@AEAV<lambda_876a65b173b8412d3a47c70a915b0cf4>@@V<lambda_41932305e351933ebe8f8be3ed8bb5dc>@@@?$__crt_seh_guarded_call@X@@QEAAX$$QEAV<lambda_72d1df2b273a38828b1ce30cbf4cdab5>@@AEAV<lambda_876a65b173b8412d3a47c70a915b0cf4>@@$$QEAV<lambda_41932305e351933ebe8f8be3ed8bb5dc>@@@Z 000000018000c45c f i libucrt:per_thread_data.obj
 0001:0000b49c       ??$?RV<lambda_fb3a7dec4e47f37f22dae91bb15c9095>@@AEAV<lambda_698284760c8add0bfb0756c19673e34b>@@V<lambda_dfb8eca1e75fef3034a8fb18dd509707>@@@?$__crt_seh_guarded_call@X@@QEAAX$$QEAV<lambda_fb3a7dec4e47f37f22dae91bb15c9095>@@AEAV<lambda_698284760c8add0bfb0756c19673e34b>@@$$QEAV<lambda_dfb8eca1e75fef3034a8fb18dd509707>@@@Z 000000018000c49c f i libucrt:per_thread_data.obj
 0001:0000b72c       __acrt_freeptd             000000018000c72c f   libucrt:per_thread_data.obj
 0001:0000b770       __acrt_getptd              000000018000c770 f   libucrt:per_thread_data.obj
 0001:0000b804       __acrt_getptd_noexit       000000018000c804 f   libucrt:per_thread_data.obj
 0001:0000b8a4       __acrt_initialize_ptd      000000018000c8a4 f   libucrt:per_thread_data.obj
 0001:0000b8e0       __acrt_uninitialize_ptd    000000018000c8e0 f   libucrt:per_thread_data.obj
 0001:0000b904       __acrt_update_locale_info  000000018000c904 f   libucrt:locale_update.obj
 0001:0000b938       __acrt_update_multibyte_info 000000018000c938 f   libucrt:locale_update.obj
 0001:0000b96c       ?__acrt_fp_classify@@YA?AW4__acrt_fp_class@@AEBN@Z 000000018000c96c f i libucrt:cvt.obj
 0001:0000c3a4       __acrt_fp_format           000000018000d3a4 f   libucrt:cvt.obj
 0001:0000c5e8       _fileno                    000000018000d5e8 f   libucrt:fileno.obj
 0001:0000c610       __acrt_initialize_stdio    000000018000d610 f   libucrt:_file.obj
 0001:0000c730       __acrt_uninitialize_stdio  000000018000d730 f   libucrt:_file.obj
 0001:0000c78c       _lock_file                 000000018000d78c f   libucrt:_file.obj
 0001:0000c798       _unlock_file               000000018000d798 f   libucrt:_file.obj
 0001:0000c7a4       _get_printf_count_output   000000018000d7a4 f   libucrt:printf_count_output.obj
 0001:0000c7bc       __acrt_set_locale_changed  000000018000d7bc f   libucrt:wsetlocale.obj
 0001:0000c7c8       __acrt_uninitialize_locale 000000018000d7c8 f   libucrt:wsetlocale.obj
 0001:0000c9f8       __acrt_initialize_lowio    000000018000d9f8 f   libucrt:ioinit.obj
 0001:0000ca34       __acrt_uninitialize_lowio  000000018000da34 f   libucrt:ioinit.obj
 0001:0000ca74       __acrt_initialize_locks    000000018000da74 f   libucrt:locks.obj
 0001:0000cabc       __acrt_lock                000000018000dabc f   libucrt:locks.obj
 0001:0000cad8       __acrt_uninitialize_locks  000000018000dad8 f   libucrt:locks.obj
 0001:0000cb10       __acrt_unlock              000000018000db10 f   libucrt:locks.obj
 0001:0000cccc       __acrt_FlsAlloc            000000018000dccc f   libucrt:winapi_thunks.obj
 0001:0000cd24       __acrt_FlsFree             000000018000dd24 f   libucrt:winapi_thunks.obj
 0001:0000cd7c       __acrt_FlsGetValue         000000018000dd7c f   libucrt:winapi_thunks.obj
 0001:0000cdd4       __acrt_FlsSetValue         000000018000ddd4 f   libucrt:winapi_thunks.obj
 0001:0000ce3c       __acrt_InitializeCriticalSectionEx 000000018000de3c f   libucrt:winapi_thunks.obj
 0001:0000ceb4       __acrt_LCMapStringEx       000000018000deb4 f   libucrt:winapi_thunks.obj
 0001:0000cfa4       __acrt_LocaleNameToLCID    000000018000dfa4 f   libucrt:winapi_thunks.obj
 0001:0000d00c       __acrt_initialize_winapi_thunks 000000018000e00c f   libucrt:winapi_thunks.obj
 0001:0000d044       __acrt_is_packaged_app     000000018000e044 f   libucrt:winapi_thunks.obj
 0001:0000d0cc       __acrt_uninitialize_winapi_thunks 000000018000e0cc f   libucrt:winapi_thunks.obj
 0001:0000d5ec       ?expand_if_necessary@?$argument_list@D@?A0xca0879c4@@AEAAHXZ 000000018000e5ec f i libucrt:argv_wildcards.obj
 0001:0000d6b4       __acrt_expand_narrow_argv_wildcards 000000018000e6b4 f   libucrt:argv_wildcards.obj
 0001:0000d6bc       ??$?RV<lambda_99476a1ad63dd22509b5d3e65b0ffc95>@@AEAV<lambda_ad1ced32f4ac17aa236e5ef05d6b3b7c>@@V<lambda_f7424dd8d45958661754dc4f2697e9c3>@@@?$__crt_seh_guarded_call@X@@QEAAX$$QEAV<lambda_99476a1ad63dd22509b5d3e65b0ffc95>@@AEAV<lambda_ad1ced32f4ac17aa236e5ef05d6b3b7c>@@$$QEAV<lambda_f7424dd8d45958661754dc4f2697e9c3>@@@Z 000000018000e6bc f i libucrt:mbctype.obj
 0001:0000ddb8       __acrt_initialize_multibyte 000000018000edb8 f   libucrt:mbctype.obj
 0001:0000dde0       __acrt_update_thread_multibyte_data 000000018000ede0 f   libucrt:mbctype.obj
 0001:0000dea0       _setmbcp_nolock            000000018000eea0 f   libucrt:mbctype.obj
 0001:0000e1c0       _ismbblead                 000000018000f1c0 f   libucrt:ismbbyte.obj
 0001:0000e1d4       __acrt_initialize_command_line 000000018000f1d4 f   libucrt:argv_data.obj
 0001:0000e1fc       __dcrt_get_narrow_environment_from_os 000000018000f1fc f   libucrt:get_environment_from_os.obj
 0001:0000e300       _recalloc                  000000018000f300 f   libucrt:recalloc.obj
 0001:0000e308       _recalloc_base             000000018000f308 f   libucrt:recalloc.obj
 0001:0000e3a0       __acrt_initialize_heap     000000018000f3a0 f   libucrt:heap_handle.obj
 0001:0000e3bc       __acrt_uninitialize_heap   000000018000f3bc f   libucrt:heap_handle.obj
 0001:0000e3c8       __acrt_execute_initializers 000000018000f3c8 f   libucrt:shared_initialization.obj
 0001:0000e45c       __acrt_execute_uninitializers 000000018000f45c f   libucrt:shared_initialization.obj
 0001:0000e4ac       __acrt_initialize_new_handler 000000018000f4ac f   libucrt:new_handler.obj
 0001:0000e4b4       _callnewh                  000000018000f4b4 f   libucrt:new_handler.obj
 0001:0000e4f4       _query_new_handler         000000018000f4f4 f   libucrt:new_handler.obj
 0001:0000e528       ??$?RV<lambda_c36588078e9f5dfd39652860aa6b3aaf>@@AEAV<lambda_ec61778202f4f5fc7e7711acc23c3bca>@@V<lambda_dc9d2797ccde5d239b4a0efae8ebd7db>@@@?$__crt_seh_guarded_call@P6AXH@Z@@QEAAP6AXH@Z$$QEAV<lambda_c36588078e9f5dfd39652860aa6b3aaf>@@AEAV<lambda_ec61778202f4f5fc7e7711acc23c3bca>@@$$QEAV<lambda_dc9d2797ccde5d239b4a0efae8ebd7db>@@@Z 000000018000f528 f i libucrt:signal.obj
 0001:0000e570       __acrt_get_sigabrt_handler 000000018000f570 f   libucrt:signal.obj
 0001:0000e5a0       __acrt_initialize_signal_handlers 000000018000f5a0 f   libucrt:signal.obj
 0001:0000e5c0       raise                      000000018000f5c0 f   libucrt:signal.obj
 0001:0000e85c       __acrt_has_user_matherr    000000018000f85c f   libucrt:matherr.obj
 0001:0000e87c       __acrt_initialize_user_matherr 000000018000f87c f   libucrt:matherr.obj
 0001:0000e884       __acrt_invoke_user_matherr 000000018000f884 f   libucrt:matherr.obj
 0001:0000e8cc       _query_new_mode            000000018000f8cc f   libucrt:new_mode.obj
 0001:0000e8d4       __pctype_func              000000018000f8d4 f   libucrt:ctype.obj
 0001:0000e904       _isctype_l                 000000018000f904 f   libucrt:isctype.obj
 0001:0000ea14       _isleadbyte_l              000000018000fa14 f i libucrt:_wctype.obj
 0001:0000edb0       __acrt_LCMapStringA        000000018000fdb0 f   libucrt:lcmapstringa.obj
 0001:0000ee48       __acrt_add_locale_ref      000000018000fe48 f   libucrt:locale_refcounting.obj
 0001:0000eed4       __acrt_free_locale         000000018000fed4 f   libucrt:locale_refcounting.obj
 0001:0000f04c       __acrt_locale_add_lc_time_reference 000000018001004c f   libucrt:locale_refcounting.obj
 0001:0000f074       __acrt_locale_free_lc_time_if_unreferenced 0000000180010074 f   libucrt:locale_refcounting.obj
 0001:0000f0ac       __acrt_locale_release_lc_time_reference 00000001800100ac f   libucrt:locale_refcounting.obj
 0001:0000f0d4       __acrt_release_locale_ref  00000001800100d4 f   libucrt:locale_refcounting.obj
 0001:0000f17c       __acrt_update_thread_locale_data 000000018001017c f   libucrt:locale_refcounting.obj
 0001:0000f1ec       _updatetlocinfoEx_nolock   00000001800101ec f   libucrt:locale_refcounting.obj
 0001:0000f254       __acrt_fp_strflt_to_string 0000000180010254 f   libucrt:_fptostr.obj
 0001:0000f320       ?divide@__crt_strtox@@YA_KAEAUbig_integer@1@AEBU21@@Z 0000000180010320 f i libucrt:cfout.obj
 0001:0000f7f0       __acrt_fltout              00000001800107f0 f   libucrt:cfout.obj
 0001:00010be4       _fcloseall                 0000000180011be4 f   libucrt:closeall.obj
 0001:00010c98       __acrt_stdio_flush_nolock  0000000180011c98 f   libucrt:fflush.obj
 0001:00010d10       _fflush_nolock             0000000180011d10 f   libucrt:fflush.obj
 0001:00010d5c       _flushall                  0000000180011d5c f   libucrt:fflush.obj
 0001:00010e4c       __acrt_stdio_free_buffer_nolock 0000000180011e4c f   libucrt:_freebuf.obj
 0001:00010e8c       _isatty                    0000000180011e8c f   libucrt:isatty.obj
 0001:00010eec       __acrt_locale_free_monetary 0000000180011eec f   libucrt:initmon.obj
 0001:00010ff8       __acrt_locale_free_numeric 0000000180011ff8 f   libucrt:initnum.obj
 0001:000110bc       __acrt_locale_free_time    00000001800120bc f   libucrt:inittime.obj
 0001:000111c4       __acrt_GetStringTypeA      00000001800121c4 f   libucrt:getstringtypea.obj
 0001:00011378       __acrt_lowio_create_handle_array 0000000180012378 f   libucrt:osfinfo.obj
 0001:00011410       __acrt_lowio_destroy_handle_array 0000000180012410 f   libucrt:osfinfo.obj
 0001:00011460       __acrt_lowio_ensure_fh_exists 0000000180012460 f   libucrt:osfinfo.obj
 0001:00011518       __acrt_lowio_lock_fh       0000000180012518 f   libucrt:osfinfo.obj
 0001:0001153c       __acrt_lowio_unlock_fh     000000018001253c f   libucrt:osfinfo.obj
 0001:00011560       _free_osfhnd               0000000180012560 f   libucrt:osfinfo.obj
 0001:0001161c       _get_osfhandle             000000018001261c f   libucrt:osfinfo.obj
 0001:0001175c       __acrt_DownlevelLocaleNameToLCID 000000018001275c f   libucrt:lcidtoname_downlevel.obj
 0001:00011860       qsort                      0000000180012860 f   libucrt:qsort.obj
 0001:00011b94       strncpy_s                  0000000180012b94 f   libucrt:strncpy_s.obj
 0001:00011c68       strpbrk                    0000000180012c68 f   libucrt:strpbrk.obj
 0001:00011d08       _mbsdec                    0000000180012d08 f   libucrt:mbsdec.obj
 0001:00011d10       _mbsdec_l                  0000000180012d10 f   libucrt:mbsdec.obj
 0001:00011dc0       _msize                     0000000180012dc0 f   libucrt:msize.obj
 0001:00011dfc       _realloc_base              0000000180012dfc f   libucrt:realloc_base.obj
 0001:00011e80       __strncnt                  0000000180012e80 f   libucrt:strncnt.obj
 0001:00011e98       fegetenv                   0000000180012e98 f   libucrt:fegetenv.obj
 0001:00011eb8       fesetenv                   0000000180012eb8 f   libucrt:fesetenv.obj
 0001:00011f04       feholdexcept               0000000180012f04 f   libucrt:feholdexcept.obj
 0001:00011f54       ceil                       0000000180012f54 f   libucrt:ceil.obj
 0001:00012020       log10                      0000000180013020 f   libucrt:log10.obj
 0001:00012b6c       _write                     0000000180013b6c f   libucrt:write.obj
 0001:00012c58       _write_nolock              0000000180013c58 f   libucrt:write.obj
 0001:00012fd8       _lseeki64_nolock           0000000180013fd8 f   libucrt:lseek.obj
 0001:00012fe0       _fclose_nolock             0000000180013fe0 f   libucrt:fclose.obj
 0001:00013064       fclose                     0000000180014064 f   libucrt:fclose.obj
 0001:000130d0       ??$?RV<lambda_b521505b218e5242e90febf6bfebc422>@@AEAV<lambda_6978c1fb23f02e42e1d9e99668cc68aa>@@V<lambda_314360699dd331753a4119843814e9a7>@@@?$__crt_seh_guarded_call@H@@QEAAH$$QEAV<lambda_b521505b218e5242e90febf6bfebc422>@@AEAV<lambda_6978c1fb23f02e42e1d9e99668cc68aa>@@$$QEAV<lambda_314360699dd331753a4119843814e9a7>@@@Z 00000001800140d0 f i libucrt:commit.obj
 0001:0001315c       _commit                    000000018001415c f   libucrt:commit.obj
 0001:000131f0       _query_app_type            00000001800141f0 f   libucrt:report_runtime_error.obj
 0001:000131f8       _getfpcontrolword          00000001800141f8 f   libucrt:_fenvutils.obj
 0001:00013210       _getfpstatusword           0000000180014210 f   libucrt:_fenvutils.obj
 0001:00013224       _setfpcontrolword          0000000180014224 f   libucrt:_fenvutils.obj
 0001:00013230       _setfpstatusword           0000000180014230 f   libucrt:_fenvutils.obj
 0001:00013280       _clearfp                   0000000180014280 f   libucrt:ieee.obj
 0001:000132d4       _controlfp                 00000001800142d4 f   libucrt:ieee.obj
 0001:000132e0       _statusfp                  00000001800142e0 f   libucrt:ieee.obj
 0001:000136e4       _handle_error              00000001800146e4 f   libucrt:libm_error.obj
 0001:0001380c       _handle_nan                000000018001480c f   libucrt:libm_error.obj
 0001:00013830       __acrt_initialize_fma3     0000000180014830 f   libucrt:fma3_available.obj
 0001:000138a0       _log10_special             00000001800148a0 f   libucrt:log_special.obj
 0001:00013958       _putwch_nolock             0000000180014958 f   libucrt:putwch.obj
 0001:000139b4       ??$?RV<lambda_bfedae4ebbf01fab1bb6dcc6a9e276e0>@@AEAV<lambda_2fe9b910cf3cbf4a0ab98a02ba45b3ec>@@V<lambda_237c231691f317818eb88cc1d5d642d6>@@@?$__crt_seh_guarded_call@H@@QEAAH$$QEAV<lambda_bfedae4ebbf01fab1bb6dcc6a9e276e0>@@AEAV<lambda_2fe9b910cf3cbf4a0ab98a02ba45b3ec>@@$$QEAV<lambda_237c231691f317818eb88cc1d5d642d6>@@@Z 00000001800149b4 f i libucrt:close.obj
 0001:00013a28       _close                     0000000180014a28 f   libucrt:close.obj
 0001:00013acc       _close_nolock              0000000180014acc f   libucrt:close.obj
 0001:00013b88       ?__acrt_stdio_free_stream@@YAXV__crt_stdio_stream@@@Z 0000000180014b88 f   libucrt:stream.obj
 0001:00013be0       _get_fpsr                  0000000180014be0 f   libucrt:fpsr.obj
 0001:00013bf0       _set_fpsr                  0000000180014bf0 f   libucrt:fpsr.obj
 0001:00013bfa       _fclrf                     0000000180014bfa f   libucrt:fpsr.obj
 0001:00013c0e       _frnd                      0000000180014c0e f   libucrt:fpsr.obj
 0001:00013c30       _raise_exc                 0000000180014c30 f   libucrt:fpexcept.obj
 0001:00013c58       _raise_exc_ex              0000000180014c58 f   libucrt:fpexcept.obj
 0001:00013f60       _set_errno_from_matherr    0000000180014f60 f   libucrt:fpexcept.obj
 0001:00013f90       _clrfp                     0000000180014f90 f   libucrt:fpctrl.obj
 0001:00013fb0       _ctrlfp                    0000000180014fb0 f   libucrt:fpctrl.obj
 0001:0001402c       _set_statfp                000000018001502c f   libucrt:fpctrl.obj
 0001:0001404c       _statfp                    000000018001504c f   libucrt:fpctrl.obj
 0001:00014060       __dcrt_lowio_initialize_console_output 0000000180015060 f   libucrt:initcon.obj
 0001:0001409c       __dcrt_terminate_console_output 000000018001509c f   libucrt:initcon.obj
 0001:000140bc       IsProcessorFeaturePresent  00000001800150bc f   kernel32:KERNEL32.dll
 0001:000140c2       RtlUnwindEx                00000001800150c2 f   kernel32:KERNEL32.dll
 0001:000140c8       SystemFunction036          00000001800150c8 f   advapi32:ADVAPI32.dll
 0001:000140d0       ?DloadAcquireSectionWriteAccess@@YAXXZ 00000001800150d0 f i DelayImp:delayhlp.obj
 0001:0001418c       ?DloadGetSRWLockFunctionPointers@@YAEXZ 000000018001518c f i DelayImp:delayhlp.obj
 0001:00014228       ?DloadMakePermanentImageCommit@@YAXPEAX_K@Z 0000000180015228 f i DelayImp:delayhlp.obj
 0001:000142c0       ?DloadObtainSection@@YAPEAXPEAK0@Z 00000001800152c0 f i DelayImp:delayhlp.obj
 0001:00014358       ?DloadProtectSection@@YAXKPEAK@Z 0000000180015358 f i DelayImp:delayhlp.obj
 0001:000143e8       ?DloadReleaseSectionWriteAccess@@YAXXZ 00000001800153e8 f i DelayImp:delayhlp.obj
 0001:0001448c       __delayLoadHelper2         000000018001548c f   DelayImp:delayhlp.obj
 0001:000147a0       _FindPESection             00000001800157a0 f   LIBCMT:pesect.obj
 0001:000147f0       _IsNonwritableInCurrentImage 00000001800157f0 f   LIBCMT:pesect.obj
 0001:00014840       _ValidateImageBase         0000000180015840 f   LIBCMT:pesect.obj
 0001:00014880       _alloca_probe              0000000180015880 f   LIBCMT:_chkstk_.obj
 0001:00014880       __chkstk                   0000000180015880 f   LIBCMT:_chkstk_.obj
 0001:000148f0       memcpy                     00000001800158f0 f   libvcruntime:memcpy.obj
 0001:000148f0       memmove                    00000001800158f0 f   libvcruntime:memcpy.obj
 0001:00014d28       strrchr                    0000000180015d28 f   libvcruntime:strrchr.obj
 0001:00014e80       memcmp                     0000000180015e80 f   libvcruntime:memcmp.obj
 0001:00014f60       _guard_dispatch_icall_nop  0000000180015f60 f   LIBCMT:_guard_dispatch_.obj
 0002:00000000       __imp_SystemFunction036    0000000180017000     advapi32:ADVAPI32.dll
 0002:00000008       \177ADVAPI32_NULL_THUNK_DATA 0000000180017008     advapi32:ADVAPI32.dll
 0002:00000010       __imp_UnmapViewOfFile      0000000180017010     kernel32:KERNEL32.dll
 0002:00000018       __imp_GetModuleHandleA     0000000180017018     kernel32:KERNEL32.dll
 0002:00000020       __imp_GetLastError         0000000180017020     kernel32:KERNEL32.dll
 0002:00000028       __imp_CloseHandle          0000000180017028     kernel32:KERNEL32.dll
 0002:00000030       __imp_CreateFileMappingA   0000000180017030     kernel32:KERNEL32.dll
 0002:00000038       __imp_GetCurrentThreadId   0000000180017038     kernel32:KERNEL32.dll
 0002:00000040       __imp_OpenFileMappingA     0000000180017040     kernel32:KERNEL32.dll
 0002:00000048       __imp_MapViewOfFile        0000000180017048     kernel32:KERNEL32.dll
 0002:00000050       __imp_GetProcAddress       0000000180017050     kernel32:KERNEL32.dll
 0002:00000058       __imp_VirtualProtect       0000000180017058     kernel32:KERNEL32.dll
 0002:00000060       __imp_GetSystemInfo        0000000180017060     kernel32:KERNEL32.dll
 0002:00000068       __imp_GetCurrentProcessId  0000000180017068     kernel32:KERNEL32.dll
 0002:00000070       __imp_OutputDebugStringA   0000000180017070     kernel32:KERNEL32.dll
 0002:00000078       __imp_CreateFileW          0000000180017078     kernel32:KERNEL32.dll
 0002:00000080       __imp_FreeLibrary          0000000180017080     kernel32:KERNEL32.dll
 0002:00000088       __imp_LoadLibraryW         0000000180017088     kernel32:KERNEL32.dll
 0002:00000090       __imp_RtlCaptureContext    0000000180017090     kernel32:KERNEL32.dll
 0002:00000098       __imp_RtlLookupFunctionEntry 0000000180017098     kernel32:KERNEL32.dll
 0002:000000a0       __imp_RtlVirtualUnwind     00000001800170a0     kernel32:KERNEL32.dll
 0002:000000a8       __imp_UnhandledExceptionFilter 00000001800170a8     kernel32:KERNEL32.dll
 0002:000000b0       __imp_SetUnhandledExceptionFilter 00000001800170b0     kernel32:KERNEL32.dll
 0002:000000b8       __imp_GetCurrentProcess    00000001800170b8     kernel32:KERNEL32.dll
 0002:000000c0       __imp_TerminateProcess     00000001800170c0     kernel32:KERNEL32.dll
 0002:000000c8       __imp_IsProcessorFeaturePresent 00000001800170c8     kernel32:KERNEL32.dll
 0002:000000d0       __imp_QueryPerformanceCounter 00000001800170d0     kernel32:KERNEL32.dll
 0002:000000d8       __imp_GetSystemTimeAsFileTime 00000001800170d8     kernel32:KERNEL32.dll
 0002:000000e0       __imp_InitializeSListHead  00000001800170e0     kernel32:KERNEL32.dll
 0002:000000e8       __imp_IsDebuggerPresent    00000001800170e8     kernel32:KERNEL32.dll
 0002:000000f0       __imp_GetStartupInfoW      00000001800170f0     kernel32:KERNEL32.dll
 0002:000000f8       __imp_GetModuleHandleW     00000001800170f8     kernel32:KERNEL32.dll
 0002:00000100       __imp_RaiseException       0000000180017100     kernel32:KERNEL32.dll
 0002:00000108       __imp_MultiByteToWideChar  0000000180017108     kernel32:KERNEL32.dll
 0002:00000110       __imp_WideCharToMultiByte  0000000180017110     kernel32:KERNEL32.dll
 0002:00000118       __imp_HeapAlloc            0000000180017118     kernel32:KERNEL32.dll
 0002:00000120       __imp_HeapFree             0000000180017120     kernel32:KERNEL32.dll
 0002:00000128       __imp_GetProcessHeap       0000000180017128     kernel32:KERNEL32.dll
 0002:00000130       __imp_VirtualQuery         0000000180017130     kernel32:KERNEL32.dll
 0002:00000138       __imp_GetModuleFileNameW   0000000180017138     kernel32:KERNEL32.dll
 0002:00000140       __imp_RtlUnwindEx          0000000180017140     kernel32:KERNEL32.dll
 0002:00000148       __imp_InterlockedFlushSList 0000000180017148     kernel32:KERNEL32.dll
 0002:00000150       __imp_LoadLibraryExW       0000000180017150     kernel32:KERNEL32.dll
 0002:00000158       __imp_InitializeCriticalSectionAndSpinCount 0000000180017158     kernel32:KERNEL32.dll
 0002:00000160       __imp_TlsAlloc             0000000180017160     kernel32:KERNEL32.dll
 0002:00000168       __imp_TlsGetValue          0000000180017168     kernel32:KERNEL32.dll
 0002:00000170       __imp_TlsSetValue          0000000180017170     kernel32:KERNEL32.dll
 0002:00000178       __imp_TlsFree              0000000180017178     kernel32:KERNEL32.dll
 0002:00000180       __imp_SetLastError         0000000180017180     kernel32:KERNEL32.dll
 0002:00000188       __imp_EnterCriticalSection 0000000180017188     kernel32:KERNEL32.dll
 0002:00000190       __imp_LeaveCriticalSection 0000000180017190     kernel32:KERNEL32.dll
 0002:00000198       __imp_DeleteCriticalSection 0000000180017198     kernel32:KERNEL32.dll
 0002:000001a0       __imp_ExitProcess          00000001800171a0     kernel32:KERNEL32.dll
 0002:000001a8       __imp_GetModuleHandleExW   00000001800171a8     kernel32:KERNEL32.dll
 0002:000001b0       __imp_GetModuleFileNameA   00000001800171b0     kernel32:KERNEL32.dll
 0002:000001b8       __imp_GetACP               00000001800171b8     kernel32:KERNEL32.dll
 0002:000001c0       __imp_GetStdHandle         00000001800171c0     kernel32:KERNEL32.dll
 0002:000001c8       __imp_GetFileType          00000001800171c8     kernel32:KERNEL32.dll
 0002:000001d0       __imp_LCMapStringW         00000001800171d0     kernel32:KERNEL32.dll
 0002:000001d8       __imp_FindClose            00000001800171d8     kernel32:KERNEL32.dll
 0002:000001e0       __imp_FindFirstFileExA     00000001800171e0     kernel32:KERNEL32.dll
 0002:000001e8       __imp_FindNextFileA        00000001800171e8     kernel32:KERNEL32.dll
 0002:000001f0       __imp_IsValidCodePage      00000001800171f0     kernel32:KERNEL32.dll
 0002:000001f8       __imp_GetOEMCP             00000001800171f8     kernel32:KERNEL32.dll
 0002:00000200       __imp_GetCPInfo            0000000180017200     kernel32:KERNEL32.dll
 0002:00000208       __imp_GetCommandLineA      0000000180017208     kernel32:KERNEL32.dll
 0002:00000210       __imp_GetCommandLineW      0000000180017210     kernel32:KERNEL32.dll
 0002:00000218       __imp_GetEnvironmentStringsW 0000000180017218     kernel32:KERNEL32.dll
 0002:00000220       __imp_FreeEnvironmentStringsW 0000000180017220     kernel32:KERNEL32.dll
 0002:00000228       __imp_GetStringTypeW       0000000180017228     kernel32:KERNEL32.dll
 0002:00000230       __imp_SetStdHandle         0000000180017230     kernel32:KERNEL32.dll
 0002:00000238       __imp_HeapSize             0000000180017238     kernel32:KERNEL32.dll
 0002:00000240       __imp_HeapReAlloc          0000000180017240     kernel32:KERNEL32.dll
 0002:00000248       __imp_WriteFile            0000000180017248     kernel32:KERNEL32.dll
 0002:00000250       __imp_GetConsoleCP         0000000180017250     kernel32:KERNEL32.dll
 0002:00000258       __imp_GetConsoleMode       0000000180017258     kernel32:KERNEL32.dll
 0002:00000260       __imp_SetFilePointerEx     0000000180017260     kernel32:KERNEL32.dll
 0002:00000268       __imp_FlushFileBuffers     0000000180017268     kernel32:KERNEL32.dll
 0002:00000270       __imp_WriteConsoleW        0000000180017270     kernel32:KERNEL32.dll
 0002:00000278       __imp_LoadLibraryExA       0000000180017278     kernel32:KERNEL32.dll
 0002:00000280       \177KERNEL32_NULL_THUNK_DATA 0000000180017280     kernel32:KERNEL32.dll
 0002:00000288       __imp_GetWindowThreadProcessId 0000000180017288     user32:USER32.dll
 0002:00000290       __imp_CallNextHookEx       0000000180017290     user32:USER32.dll
 0002:00000298       __imp_SetWindowsHookExA    0000000180017298     user32:USER32.dll
 0002:000002a0       __imp_GetWindowTextA       00000001800172a0     user32:USER32.dll
 0002:000002a8       __imp_EnumWindows          00000001800172a8     user32:USER32.dll
 0002:000002b0       \177USER32_NULL_THUNK_DATA 00000001800172b0     user32:USER32.dll
 0002:000002b8       __guard_check_icall_fptr   00000001800172b8     LIBCMT:guard_support.obj
 0002:000002c0       __guard_dispatch_icall_fptr 00000001800172c0     LIBCMT:guard_support.obj
 0002:000002c8       __xc_a                     00000001800172c8     LIBCMT:initializers.obj
 0002:000002d0       _register_myaddon_         00000001800172d0     binding.obj
 0002:000002d8       __xc_z                     00000001800172d8     LIBCMT:initializers.obj
 0002:000002e0       __xi_a                     00000001800172e0     LIBCMT:initializers.obj
 0002:000002e8       __acrt_stdio_initializer   00000001800172e8     libucrt:stdio_initializer.obj
 0002:000002f0       __acrt_multibyte_initializer 00000001800172f0     libucrt:multibyte_initializer.obj
 0002:000002f8       __acrt_tran_fma3_initializer 00000001800172f8     libucrt:fma3_initializer.obj
 0002:00000300       __xi_z                     0000000180017300     LIBCMT:initializers.obj
 0002:00000308       __xp_a                     0000000180017308     LIBCMT:initializers.obj
 0002:00000310       __acrt_locale_terminator   0000000180017310     libucrt:locale_initializer.obj
 0002:00000318       __dcrt_console_output_terminator 0000000180017318     libucrt:console_output_initializer.obj
 0002:00000320       __acrt_stdio_terminator    0000000180017320     libucrt:stdio_initializer.obj
 0002:00000328       __xp_z                     0000000180017328     LIBCMT:initializers.obj
 0002:00000330       __xt_a                     0000000180017330     LIBCMT:initializers.obj
 0002:00000338       __xt_z                     0000000180017338     LIBCMT:initializers.obj
 0002:00000340       __sz_node_exe              0000000180017340     node:node.exe
 0002:00000690       _pDefaultRawDllMain        0000000180017690     LIBCMT:dll_dllmain.obj
 0002:00000690       _pRawDllMain               0000000180017690     LIBCMT:dll_dllmain.obj
 0002:00000770       ??_C@_0NN@NGPKDKPD@The?5value?5of?5ESP?5was?5not?5properl@ 0000000180017770     LIBCMT:_error_.obj
 0002:00000850       ??_C@_0BBN@GPMLNJCF@A?5cast?5to?5a?5smaller?5data?5type?5ha@ 0000000180017850     LIBCMT:_error_.obj
 0002:00000970       ??_C@_0BN@FFOINMNJ@Stack?5memory?5was?5corrupted?6?$AN?$AA@ 0000000180017970     LIBCMT:_error_.obj
 0002:00000990       ??_C@_0DG@HKJMLLLP@A?5local?5variable?5was?5used?5before@ 0000000180017990     LIBCMT:_error_.obj
 0002:000009c8       ??_C@_0CM@NGINOKPC@Stack?5memory?5around?5_alloca?5was?5@ 00000001800179c8     LIBCMT:_error_.obj
 0002:000009f8       ??_C@_0BO@GNIAFIKK@Unknown?5Runtime?5Check?5Error?6?$AN?$AA@ 00000001800179f8     LIBCMT:_error_.obj
 0002:00000a20       ??_C@_1GM@OLMCBDMB@?$AAR?$AAu?$AAn?$AAt?$AAi?$AAm?$AAe?$AA?5?$AAC?$AAh?$AAe?$AAc?$AAk?$AA?5?$AAE?$AAr?$AAr?$AAo?$AAr?$AA?4?$AA?6?$AA?$AN?$AA?5?$AAU?$AAn?$AAa?$AAb?$AAl?$AAe?$AA?5?$AAt?$AAo@ 0000000180017a20     LIBCMT:_error_.obj
 0002:00000a90       ??_C@_1EA@NFKNIFJP@?$AAR?$AAu?$AAn?$AA?9?$AAT?$AAi?$AAm?$AAe?$AA?5?$AAC?$AAh?$AAe?$AAc?$AAk?$AA?5?$AAF?$AAa?$AAi?$AAl?$AAu?$AAr?$AAe?$AA?5?$AA?$CD?$AA?$CF?$AAd?$AA?5?$AA?9?$AA?5?$AA?$CF?$AAs?$AA?$AA@ 0000000180017a90     LIBCMT:_error_.obj
 0002:00000ad0       ??_C@_0BB@PFFGGCJP@Unknown?5Filename?$AA@ 0000000180017ad0     LIBCMT:_error_.obj
 0002:00000ae8       ??_C@_0BE@GNBOBNCK@Unknown?5Module?5Name?$AA@ 0000000180017ae8     LIBCMT:_error_.obj
 0002:00000b00       ??_C@_0CA@IODNCDPG@Run?9Time?5Check?5Failure?5?$CD?$CFd?5?9?5?$CFs?$AA@ 0000000180017b00     LIBCMT:_error_.obj
 0002:00000b20       ??_C@_0CG@IAFNJNEE@Stack?5corrupted?5near?5unknown?5var@ 0000000180017b20     LIBCMT:_error_.obj
 0002:00000b70       ??_C@_0BJ@HEGAHDFO@Stack?5pointer?5corruption?$AA@ 0000000180017b70     LIBCMT:_userapi_.obj
 0002:00000b90       ??_C@_0CK@FEGOIOPB@Cast?5to?5smaller?5type?5causing?5los@ 0000000180017b90     LIBCMT:_userapi_.obj
 0002:00000bc0       ??_C@_0BI@CIGMDCBH@Stack?5memory?5corruption?$AA@ 0000000180017bc0     LIBCMT:_userapi_.obj
 0002:00000bd8       ??_C@_0CK@CNLNOEPB@Local?5variable?5used?5before?5initi@ 0000000180017bd8     LIBCMT:_userapi_.obj
 0002:00000c08       ??_C@_0BP@OGBCLIBO@Stack?5around?5_alloca?5corrupted?$AA@ 0000000180017c08     LIBCMT:_userapi_.obj
 0002:00000c60       ??_C@_1EI@MLPKHBGE@?$AAa?$AAp?$AAi?$AA?9?$AAm?$AAs?$AA?9?$AAw?$AAi?$AAn?$AA?9?$AAc?$AAo?$AAr?$AAe?$AA?9?$AAr?$AAe?$AAg?$AAi?$AAs?$AAt?$AAr?$AAy?$AA?9?$AAl?$AA1?$AA?9?$AA1?$AA?9?$AA0?$AA?4@ 0000000180017c60     LIBCMT:_pdblkup_.obj
 0002:00000ca8       ??_C@_1BK@JHLNAEJL@?$AAa?$AAd?$AAv?$AAa?$AAp?$AAi?$AA3?$AA2?$AA?4?$AAd?$AAl?$AAl?$AA?$AA@ 0000000180017ca8     LIBCMT:_pdblkup_.obj
 0002:00000cc8       ??_C@_0O@COHOBMLB@RegOpenKeyExW?$AA@ 0000000180017cc8     LIBCMT:_pdblkup_.obj
 0002:00000cd8       ??_C@_0BB@GLNAEDBD@RegQueryValueExW?$AA@ 0000000180017cd8     LIBCMT:_pdblkup_.obj
 0002:00000cf0       ??_C@_0M@HLOHPNFA@RegCloseKey?$AA@ 0000000180017cf0     LIBCMT:_pdblkup_.obj
 0002:00000d00       ??_C@_1HE@EBEAGLFB@?$AAS?$AAO?$AAF?$AAT?$AAW?$AAA?$AAR?$AAE?$AA?2?$AAW?$AAo?$AAw?$AA6?$AA4?$AA3?$AA2?$AAN?$AAo?$AAd?$AAe?$AA?2?$AAM?$AAi?$AAc?$AAr?$AAo?$AAs?$AAo?$AAf?$AAt?$AA?2?$AAV@ 0000000180017d00     LIBCMT:_pdblkup_.obj
 0002:00000d78       ??_C@_1BG@EABPBLLF@?$AAP?$AAr?$AAo?$AAd?$AAu?$AAc?$AAt?$AAD?$AAi?$AAr?$AA?$AA@ 0000000180017d78     LIBCMT:_pdblkup_.obj
 0002:00000d90       ??_C@_0BB@KCIACLNC@PDBOpenValidate5?$AA@ 0000000180017d90     LIBCMT:_pdblkup_.obj
 0002:00000da4       ??_C@_01KDCPPGHE@r?$AA@    0000000180017da4     LIBCMT:_pdblkup_.obj
 0002:00000da8       _Microsoft_CRTProvider     0000000180017da8     libvcruntime:telemetry.obj
 0002:00000db0       ??_C@_11LOCGONAA@?$AA?$AA@ 0000000180017db0     libvcruntime:telemetry.obj
 0002:00000db8       ??_C@_0O@JEOPJOMI@Main?5Invoked?4?$AA@ 0000000180017db8     libvcruntime:telemetry.obj
 0002:00000dc8       ??_C@_0P@NEAEIBDO@Main?5Returned?4?$AA@ 0000000180017dc8     libvcruntime:telemetry.obj
 0002:00000df8       ??_C@_1BC@DNHGCMLG@?$AAa?$AAd?$AAv?$AAa?$AAp?$AAi?$AA3?$AA2?$AA?$AA@ 0000000180017df8     libvcruntime:winapi_downlevel.obj
 0002:00000e10       ??_C@_1DM@KHCHBNEB@?$AAa?$AAp?$AAi?$AA?9?$AAm?$AAs?$AA?9?$AAw?$AAi?$AAn?$AA?9?$AAc?$AAo?$AAr?$AAe?$AA?9?$AAf?$AAi?$AAb?$AAe?$AAr?$AAs?$AA?9?$AAl?$AA1?$AA?9?$AA1?$AA?9?$AA1?$AA?$AA@ 0000000180017e10     libvcruntime:winapi_downlevel.obj
 0002:00000e50       ??_C@_1DK@LPPGFMPP@?$AAa?$AAp?$AAi?$AA?9?$AAm?$AAs?$AA?9?$AAw?$AAi?$AAn?$AA?9?$AAc?$AAo?$AAr?$AAe?$AA?9?$AAs?$AAy?$AAn?$AAc?$AAh?$AA?9?$AAl?$AA1?$AA?9?$AA2?$AA?9?$AA0?$AA?$AA@ 0000000180017e50     libvcruntime:winapi_downlevel.obj
 0002:00000e90       ??_C@_1BC@GDMECMAK@?$AAk?$AAe?$AAr?$AAn?$AAe?$AAl?$AA3?$AA2?$AA?$AA@ 0000000180017e90     libvcruntime:winapi_downlevel.obj
 0002:00000ea8       ??_C@_0O@BAMBGLIE@EventRegister?$AA@ 0000000180017ea8     libvcruntime:winapi_downlevel.obj
 0002:00000ec0       ??_C@_0BE@BJEEGHGK@EventSetInformation?$AA@ 0000000180017ec0     libvcruntime:winapi_downlevel.obj
 0002:00000ed8       ??_C@_0BA@FAKLIPIC@EventUnregister?$AA@ 0000000180017ed8     libvcruntime:winapi_downlevel.obj
 0002:00000ef0       ??_C@_0BD@PKLHJPHD@EventWriteTransfer?$AA@ 0000000180017ef0     libvcruntime:winapi_downlevel.obj
 0002:00000f10       ??_C@_08KNHFBNJ@FlsAlloc?$AA@ 0000000180017f10     libvcruntime:winapi_downlevel.obj
 0002:00000f28       ??_C@_07PEJMOBNF@FlsFree?$AA@ 0000000180017f28     libvcruntime:winapi_downlevel.obj
 0002:00000f38       ??_C@_0M@GDNOONDI@FlsGetValue?$AA@ 0000000180017f38     libvcruntime:winapi_downlevel.obj
 0002:00000f50       ??_C@_0M@JCPCPOEF@FlsSetValue?$AA@ 0000000180017f50     libvcruntime:winapi_downlevel.obj
 0002:00000f68       ??_C@_0BM@HCFOFFN@InitializeCriticalSectionEx?$AA@ 0000000180017f68     libvcruntime:winapi_downlevel.obj
 0002:000012b0       ??_C@_08EHJDFFNH@__based?$CI?$AA@ 00000001800182b0     libvcruntime:undname.obj
 0002:000012c0       ??_C@_07KOLFKCDI@__cdecl?$AA@ 00000001800182c0     libvcruntime:undname.obj
 0002:000012c8       ??_C@_08GHMPAG@__pascal?$AA@ 00000001800182c8     libvcruntime:undname.obj
 0002:000012d8       ??_C@_09IFJBGAPI@__stdcall?$AA@ 00000001800182d8     libvcruntime:undname.obj
 0002:000012e8       ??_C@_0L@NPHFGOKO@__thiscall?$AA@ 00000001800182e8     libvcruntime:undname.obj
 0002:000012f8       ??_C@_0L@JMKHOMEK@__fastcall?$AA@ 00000001800182f8     libvcruntime:undname.obj
 0002:00001308       ??_C@_0N@BCKKPABJ@__vectorcall?$AA@ 0000000180018308     libvcruntime:undname.obj
 0002:00001318       ??_C@_09HIJEGCPM@__clrcall?$AA@ 0000000180018318     libvcruntime:undname.obj
 0002:00001324       ??_C@_06GHPCKEAG@__eabi?$AA@ 0000000180018324     libvcruntime:undname.obj
 0002:00001330       ??_C@_07JOMMBBKO@__ptr64?$AA@ 0000000180018330     libvcruntime:undname.obj
 0002:00001338       ??_C@_0L@PILCLIHE@__restrict?$AA@ 0000000180018338     libvcruntime:undname.obj
 0002:00001348       ??_C@_0M@GFIIJFMG@__unaligned?$AA@ 0000000180018348     libvcruntime:undname.obj
 0002:00001358       ??_C@_09DHDLOLLB@restrict?$CI?$AA@ 0000000180018358     libvcruntime:undname.obj
 0002:00001364       ??_C@_04NIHEBCM@?5new?$AA@ 0000000180018364     libvcruntime:undname.obj
 0002:00001370       ??_C@_07FPCDHGMM@?5delete?$AA@ 0000000180018370     libvcruntime:undname.obj
 0002:00001378       ??_C@_01NEMOKFLO@?$DN?$AA@ 0000000180018378     libvcruntime:undname.obj
 0002:0000137c       ??_C@_02GPIOPFAK@?$DO?$DO?$AA@ 000000018001837c     libvcruntime:undname.obj
 0002:00001380       ??_C@_02FODMEDOG@?$DM?$DM?$AA@ 0000000180018380     libvcruntime:undname.obj
 0002:00001384       ??_C@_01DCLJPIOD@?$CB?$AA@ 0000000180018384     libvcruntime:undname.obj
 0002:00001388       ??_C@_02EGOFBIJA@?$DN?$DN?$AA@ 0000000180018388     libvcruntime:undname.obj
 0002:0000138c       ??_C@_02FDNJECIE@?$CB?$DN?$AA@ 000000018001838c     libvcruntime:undname.obj
 0002:00001390       ??_C@_02GPECMEKF@?$FL?$FN?$AA@ 0000000180018390     libvcruntime:undname.obj
 0002:00001398       ??_C@_08LHJFAFGD@operator?$AA@ 0000000180018398     libvcruntime:undname.obj
 0002:000013a4       ??_C@_02HBOOOICD@?9?$DO?$AA@ 00000001800183a4     libvcruntime:undname.obj
 0002:000013a8       ??_C@_01NBENCBCI@?$CK?$AA@ 00000001800183a8     libvcruntime:undname.obj
 0002:000013ac       ??_C@_02ECNGHCIF@?$CL?$CL?$AA@ 00000001800183ac     libvcruntime:undname.obj
 0002:000013b0       ??_C@_02BAABKJLB@?9?9?$AA@ 00000001800183b0     libvcruntime:undname.obj
 0002:000013b4       ??_C@_01JOAMLHOP@?9?$AA@   00000001800183b4     libvcruntime:undname.obj
 0002:000013b8       ??_C@_01MIFGBAGJ@?$CL?$AA@ 00000001800183b8     libvcruntime:undname.obj
 0002:000013bc       ??_C@_01HNPIGOCE@?$CG?$AA@ 00000001800183bc     libvcruntime:undname.obj
 0002:000013c0       ??_C@_03MNHNFDLC@?9?$DO?$CK?$AA@ 00000001800183c0     libvcruntime:undname.obj
 0002:000013c4       ??_C@_01KMDKNFGN@?1?$AA@   00000001800183c4     libvcruntime:undname.obj
 0002:000013c8       ??_C@_01FGNFDNOH@?$CF?$AA@ 00000001800183c8     libvcruntime:undname.obj
 0002:000013cc       ??_C@_01MNNFJEPP@?$DM?$AA@ 00000001800183cc     libvcruntime:undname.obj
 0002:000013d0       ??_C@_02EHCHHCKH@?$DM?$DN?$AA@ 00000001800183d0     libvcruntime:undname.obj
 0002:000013d4       ??_C@_01PPODPGHN@?$DO?$AA@ 00000001800183d4     libvcruntime:undname.obj
 0002:000013d8       ??_C@_02EEKDKGMJ@?$DO?$DN?$AA@ 00000001800183d8     libvcruntime:undname.obj
 0002:000013dc       ??_C@_01IHBHIGKO@?0?$AA@   00000001800183dc     libvcruntime:undname.obj
 0002:000013e0       ??_C@_02HCKGKOFO@?$CI?$CJ?$AA@ 00000001800183e0     libvcruntime:undname.obj
 0002:000013e4       ??_C@_01PJKLJHI@?$HO?$AA@  00000001800183e4     libvcruntime:undname.obj
 0002:000013e8       ??_C@_01JKBOJNNK@?$FO?$AA@ 00000001800183e8     libvcruntime:undname.obj
 0002:000013ec       ??_C@_01DNKMNLPK@?$HM?$AA@ 00000001800183ec     libvcruntime:undname.obj
 0002:000013f0       ??_C@_02PPKAJPJL@?$CG?$CG?$AA@ 00000001800183f0     libvcruntime:undname.obj
 0002:000013f4       ??_C@_02NONPIBCD@?$HM?$HM?$AA@ 00000001800183f4     libvcruntime:undname.obj
 0002:000013f8       ??_C@_02FPIMKNGF@?$CK?$DN?$AA@ 00000001800183f8     libvcruntime:undname.obj
 0002:000013fc       ??_C@_02FOEOMHFC@?$CL?$DN?$AA@ 00000001800183fc     libvcruntime:undname.obj
 0002:00001400       ??_C@_02FKMDLLOA@?9?$DN?$AA@ 0000000180018400     libvcruntime:undname.obj
 0002:00001404       ??_C@_02FJEHGPIO@?1?$DN?$AA@ 0000000180018404     libvcruntime:undname.obj
 0002:00001408       ??_C@_02FENAOKFI@?$CF?$DN?$AA@ 0000000180018408     libvcruntime:undname.obj
 0002:0000140c       ??_C@_03IKFCCPFF@?$DO?$DO?$DN?$AA@ 000000018001840c     libvcruntime:undname.obj
 0002:00001410       ??_C@_03CDNPDDLA@?$DM?$DM?$DN?$AA@ 0000000180018410     libvcruntime:undname.obj
 0002:00001414       ??_C@_02FGJGFEAB@?$CG?$DN?$AA@ 0000000180018414     libvcruntime:undname.obj
 0002:00001418       ??_C@_02DHLNPPGH@?$HM?$DN?$AA@ 0000000180018418     libvcruntime:undname.obj
 0002:0000141c       ??_C@_02MHEGNOJ@?$FO?$DN?$AA@ 000000018001841c     libvcruntime:undname.obj
 0002:00001420       ??_C@_09IFPLHPGF@?$GAvftable?8?$AA@ 0000000180018420     libvcruntime:undname.obj
 0002:00001430       ??_C@_09BLBHBJP@?$GAvbtable?8?$AA@ 0000000180018430     libvcruntime:undname.obj
 0002:00001440       ??_C@_07FEEIOKP@?$GAvcall?8?$AA@ 0000000180018440     libvcruntime:undname.obj
 0002:00001448       ??_C@_08LLFFHHDJ@?$GAtypeof?8?$AA@ 0000000180018448     libvcruntime:undname.obj
 0002:00001458       ??_C@_0BF@KDPPACIK@?$GAlocal?5static?5guard?8?$AA@ 0000000180018458     libvcruntime:undname.obj
 0002:00001470       ??_C@_08OBABFOLI@?$GAstring?8?$AA@ 0000000180018470     libvcruntime:undname.obj
 0002:00001480       ??_C@_0BD@JDLKDPAB@?$GAvbase?5destructor?8?$AA@ 0000000180018480     libvcruntime:undname.obj
 0002:00001498       ??_C@_0BN@DEGPLNFK@?$GAvector?5deleting?5destructor?8?$AA@ 0000000180018498     libvcruntime:undname.obj
 0002:000014b8       ??_C@_0BO@OBMKPJIG@?$GAdefault?5constructor?5closure?8?$AA@ 00000001800184b8     libvcruntime:undname.obj
 0002:000014d8       ??_C@_0BN@IMDCHIKM@?$GAscalar?5deleting?5destructor?8?$AA@ 00000001800184d8     libvcruntime:undname.obj
 0002:000014f8       ??_C@_0BO@PFGOCPJJ@?$GAvector?5constructor?5iterator?8?$AA@ 00000001800184f8     libvcruntime:undname.obj
 0002:00001518       ??_C@_0BN@LFPFMEDL@?$GAvector?5destructor?5iterator?8?$AA@ 0000000180018518     libvcruntime:undname.obj
 0002:00001538       ??_C@_0CE@IKBNEHA@?$GAvector?5vbase?5constructor?5iterat@ 0000000180018538     libvcruntime:undname.obj
 0002:00001560       ??_C@_0BL@NILFHHPC@?$GAvirtual?5displacement?5map?8?$AA@ 0000000180018560     libvcruntime:undname.obj
 0002:00001580       ??_C@_0CB@JONCMFFK@?$GAeh?5vector?5constructor?5iterator?8@ 0000000180018580     libvcruntime:undname.obj
 0002:000015a8       ??_C@_0CA@GCEOPDGL@?$GAeh?5vector?5destructor?5iterator?8?$AA@ 00000001800185a8     libvcruntime:undname.obj
 0002:000015c8       ??_C@_0CH@OOJPLCPH@?$GAeh?5vector?5vbase?5constructor?5ite@ 00000001800185c8     libvcruntime:undname.obj
 0002:000015f0       ??_C@_0BL@LLKPOHJI@?$GAcopy?5constructor?5closure?8?$AA@ 00000001800185f0     libvcruntime:undname.obj
 0002:00001610       ??_C@_0BA@KBCDOMBN@?$GAudt?5returning?8?$AA@ 0000000180018610     libvcruntime:undname.obj
 0002:00001620       ??_C@_03KLGMFNMG@?$GAEH?$AA@ 0000000180018620     libvcruntime:undname.obj
 0002:00001624       ??_C@_05KHLCHHI@?$GARTTI?$AA@ 0000000180018624     libvcruntime:undname.obj
 0002:00001630       ??_C@_0BA@KKLDJDLB@?$GAlocal?5vftable?8?$AA@ 0000000180018630     libvcruntime:undname.obj
 0002:00001640       ??_C@_0CE@IIHCMGGL@?$GAlocal?5vftable?5constructor?5closu@ 0000000180018640     libvcruntime:undname.obj
 0002:00001664       ??_C@_06FHBGPFGH@?5new?$FL?$FN?$AA@ 0000000180018664     libvcruntime:undname.obj
 0002:00001670       ??_C@_09LBNFPBCA@?5delete?$FL?$FN?$AA@ 0000000180018670     libvcruntime:undname.obj
 0002:00001680       ??_C@_0P@HJKNJFNN@?$GAomni?5callsig?8?$AA@ 0000000180018680     libvcruntime:undname.obj
 0002:00001690       ??_C@_0BL@CNOONJFP@?$GAplacement?5delete?5closure?8?$AA@ 0000000180018690     libvcruntime:undname.obj
 0002:000016b0       ??_C@_0BN@CKNJLHMB@?$GAplacement?5delete?$FL?$FN?5closure?8?$AA@ 00000001800186b0     libvcruntime:undname.obj
 0002:000016d0       ??_C@_0CG@CFDHKGGD@?$GAmanaged?5vector?5constructor?5iter@ 00000001800186d0     libvcruntime:undname.obj
 0002:000016f8       ??_C@_0CF@IMGKMJNO@?$GAmanaged?5vector?5destructor?5itera@ 00000001800186f8     libvcruntime:undname.obj
 0002:00001720       ??_C@_0CG@HLDDJMAG@?$GAeh?5vector?5copy?5constructor?5iter@ 0000000180018720     libvcruntime:undname.obj
 0002:00001748       ??_C@_0CM@FCBBDIGB@?$GAeh?5vector?5vbase?5copy?5constructo@ 0000000180018748     libvcruntime:undname.obj
 0002:00001778       ??_C@_0BL@CLIPGLGB@?$GAdynamic?5initializer?5for?5?8?$AA@ 0000000180018778     libvcruntime:undname.obj
 0002:00001798       ??_C@_0CB@PDBIFEP@?$GAdynamic?5atexit?5destructor?5for?5?8@ 0000000180018798     libvcruntime:undname.obj
 0002:000017c0       ??_C@_0CD@CGAJBKEJ@?$GAvector?5copy?5constructor?5iterato@ 00000001800187c0     libvcruntime:undname.obj
 0002:000017e8       ??_C@_0CJ@GJELGAMM@?$GAvector?5vbase?5copy?5constructor?5i@ 00000001800187e8     libvcruntime:undname.obj
 0002:00001818       ??_C@_0CL@FGIJHLCE@?$GAmanaged?5vector?5copy?5constructor@ 0000000180018818     libvcruntime:undname.obj
 0002:00001848       ??_C@_0BM@PMGGMLDN@?$GAlocal?5static?5thread?5guard?8?$AA@ 0000000180018848     libvcruntime:undname.obj
 0002:00001868       ??_C@_0N@BDNMDMOL@operator?5?$CC?$CC?5?$AA@ 0000000180018868     libvcruntime:undname.obj
 0002:00001878       ??_C@_0BC@DAFEJGAK@?5Type?5Descriptor?8?$AA@ 0000000180018878     libvcruntime:undname.obj
 0002:00001890       ??_C@_0BM@LDKODKLH@?5Base?5Class?5Descriptor?5at?5?$CI?$AA@ 0000000180018890     libvcruntime:undname.obj
 0002:000018b0       ??_C@_0BD@LGICGFMM@?5Base?5Class?5Array?8?$AA@ 00000001800188b0     libvcruntime:undname.obj
 0002:000018c8       ??_C@_0BN@MECKDCOJ@?5Class?5Hierarchy?5Descriptor?8?$AA@ 00000001800188c8     libvcruntime:undname.obj
 0002:000018e8       ??_C@_0BK@CFCOFLF@?5Complete?5Object?5Locator?8?$AA@ 00000001800188e8     libvcruntime:undname.obj
 0002:00001910       standard_lookup_table      0000000180018910     libucrt:output.obj
 0002:0000196c       ??_C@_06OJHGLDPL@?$CInull?$CJ?$AA@ 000000018001896c     libucrt:output.obj
 0002:00001978       ??_C@_1O@CEDCILHN@?$AA?$CI?$AAn?$AAu?$AAl?$AAl?$AA?$CJ?$AA?$AA@ 0000000180018978     libucrt:output.obj
 0002:00001990       __acrt_exception_action_table 0000000180018990     libucrt:exception_filter.obj
 0002:00001a50       __acrt_signal_action_table_count 0000000180018a50     libucrt:exception_filter.obj
 0002:00001a58       __acrt_signal_action_first_fpe_index 0000000180018a58     libucrt:exception_filter.obj
 0002:00001a60       __acrt_signal_action_fpe_count 0000000180018a60     libucrt:exception_filter.obj
 0002:00001a68       ??_C@_1BI@BGOHAHKC@?$AAm?$AAs?$AAc?$AAo?$AAr?$AAe?$AAe?$AA?4?$AAd?$AAl?$AAl?$AA?$AA@ 0000000180018a68     libucrt:exit.obj
 0002:00001a80       ??_C@_0P@MIGLKIOC@CorExitProcess?$AA@ 0000000180018a80     libucrt:exit.obj
 0002:00001ce8       ??_C@_03OEIAHPBN@INF?$AA@  0000000180018ce8     libucrt:cvt.obj
 0002:00001cec       ??_C@_03OJHLLCGB@inf?$AA@  0000000180018cec     libucrt:cvt.obj
 0002:00001cf0       ??_C@_03LKNCIKJB@NAN?$AA@  0000000180018cf0     libucrt:cvt.obj
 0002:00001cf4       ??_C@_03LHCJEHON@nan?$AA@  0000000180018cf4     libucrt:cvt.obj
[...]
 0004:00000e58       $pdata$_setmbcp_nolock     0000000180026e58     libucrt:mbctype.obj
 0004:00000e64       $pdata$?x_ismbbtype_l@@YAHPEAU__crt_locale_pointers@@IHH@Z 0000000180026e64     libucrt:ismbbyte.obj
 0004:00000e70       $pdata$__acrt_initialize_command_line 0000000180026e70     libucrt:argv_data.obj
 0004:00000e7c       $pdata$__dcrt_get_narrow_environment_from_os 0000000180026e7c     libucrt:get_environment_from_os.obj
 0004:00000e88       $pdata$_recalloc_base      0000000180026e88     libucrt:recalloc.obj
 0004:00000e94       $pdata$__acrt_initialize_heap 0000000180026e94     libucrt:heap_handle.obj
 0004:00000ea0       $pdata$__acrt_execute_initializers 0000000180026ea0     libucrt:shared_initialization.obj
 0004:00000eac       $pdata$__acrt_execute_uninitializers 0000000180026eac     libucrt:shared_initialization.obj
 0004:00000eb8       $pdata$_callnewh           0000000180026eb8     libucrt:new_handler.obj
 0004:00000ec4       $pdata$_query_new_handler  0000000180026ec4     libucrt:new_handler.obj
 0004:00000ed0       $pdata$??$?RV<lambda_c36588078e9f5dfd39652860aa6b3aaf>@@AEAV<lambda_ec61778202f4f5fc7e7711acc23c3bca>@@V<lambda_dc9d2797ccde5d239b4a0efae8ebd7db>@@@?$__crt_seh_guarded_call@P6AXH@Z@@QEAAP6AXH@Z$$QEAV<lambda_c36588078e9f5dfd39652860aa6b3aaf>@@AEAV<lambda_ec61778202f4f5fc7e7711acc23c3bca>@@$$QEAV<lambda_dc9d2797ccde5d239b4a0efae8ebd7db>@@@Z 0000000180026ed0     libucrt:signal.obj
 0004:00000edc       $pdata$__acrt_get_sigabrt_handler 0000000180026edc     libucrt:signal.obj
 0004:00000ee8       $pdata$raise               0000000180026ee8     libucrt:signal.obj
 0004:00000ef4       $pdata$__acrt_invoke_user_matherr 0000000180026ef4     libucrt:matherr.obj
 0004:00000f00       $pdata$__pctype_func       0000000180026f00     libucrt:ctype.obj
 0004:00000f0c       $pdata$_isctype_l          0000000180026f0c     libucrt:isctype.obj
 0004:00000f18       $pdata$_isleadbyte_l       0000000180026f18     libucrt:_wctype.obj
 0004:00000f24       $pdata$?__acrt_LCMapStringA_stat@@YAHPEAU__crt_locale_pointers@@PEB_WKPEBDHPEADHHH@Z 0000000180026f24     libucrt:lcmapstringa.obj
 0004:00000f30       $pdata$__acrt_LCMapStringA 0000000180026f30     libucrt:lcmapstringa.obj
 0004:00000f3c       $pdata$__acrt_free_locale  0000000180026f3c     libucrt:locale_refcounting.obj
 0004:00000f48       $pdata$__acrt_locale_free_lc_time_if_unreferenced 0000000180026f48     libucrt:locale_refcounting.obj
 0004:00000f54       $pdata$__acrt_release_locale_ref 0000000180026f54     libucrt:locale_refcounting.obj
 0004:00000f60       $pdata$__acrt_update_thread_locale_data 0000000180026f60     libucrt:locale_refcounting.obj
 0004:00000f6c       $pdata$_updatetlocinfoEx_nolock 0000000180026f6c     libucrt:locale_refcounting.obj
 0004:00000f78       $pdata$__acrt_fp_strflt_to_string 0000000180026f78     libucrt:_fptostr.obj
 0004:00000f84       $pdata$?divide@__crt_strtox@@YA_KAEAUbig_integer@1@AEBU21@@Z 0000000180026f84     libucrt:cfout.obj
 0004:00000f90       $pdata$5$?divide@__crt_strtox@@YA_KAEAUbig_integer@1@AEBU21@@Z 0000000180026f90     libucrt:cfout.obj
 0004:00000f9c       $pdata$6$?divide@__crt_strtox@@YA_KAEAUbig_integer@1@AEBU21@@Z 0000000180026f9c     libucrt:cfout.obj
 0004:00000fa8       $pdata$__acrt_fltout       0000000180026fa8     libucrt:cfout.obj
 0004:00000fb4       $pdata$memcpy_s            0000000180026fb4     libucrt:cfout.obj
 0004:00000fc0       $pdata$_fcloseall          0000000180026fc0     libucrt:closeall.obj
 0004:00000fcc       $pdata$__acrt_stdio_flush_nolock 0000000180026fcc     libucrt:fflush.obj
 0004:00000fd8       $pdata$_fflush_nolock      0000000180026fd8     libucrt:fflush.obj
 0004:00000fe4       $pdata$common_flush_all    0000000180026fe4     libucrt:fflush.obj
 0004:00000ff0       $pdata$__acrt_stdio_free_buffer_nolock 0000000180026ff0     libucrt:_freebuf.obj
 0004:00000ffc       $pdata$_isatty             0000000180026ffc     libucrt:isatty.obj
 0004:00001008       $pdata$__acrt_locale_free_monetary 0000000180027008     libucrt:initmon.obj
 0004:00001014       $pdata$__acrt_locale_free_numeric 0000000180027014     libucrt:initnum.obj
 0004:00001020       $pdata$?free_crt_array_internal@@YAXQEAPEBX_K@Z 0000000180027020     libucrt:inittime.obj
 0004:0000102c       $pdata$__acrt_locale_free_time 000000018002702c     libucrt:inittime.obj
 0004:00001038       $pdata$__acrt_GetStringTypeA 0000000180027038     libucrt:getstringtypea.obj
 0004:00001044       $pdata$__acrt_lowio_create_handle_array 0000000180027044     libucrt:osfinfo.obj
 0004:00001050       $pdata$__acrt_lowio_destroy_handle_array 0000000180027050     libucrt:osfinfo.obj
 0004:0000105c       $pdata$__acrt_lowio_ensure_fh_exists 000000018002705c     libucrt:osfinfo.obj
 0004:00001068       $pdata$_free_osfhnd        0000000180027068     libucrt:osfinfo.obj
 0004:00001074       $pdata$_get_osfhandle      0000000180027074     libucrt:osfinfo.obj
 0004:00001080       $pdata$?GetTableIndexFromLocaleName@@YAHPEB_W@Z 0000000180027080     libucrt:lcidtoname_downlevel.obj
 0004:0000108c       $pdata$__acrt_DownlevelLocaleNameToLCID 000000018002708c     libucrt:lcidtoname_downlevel.obj
 0004:00001098       $pdata$?shortsort@@YAXPEAD0_KP6AHPEBX2@Z@Z 0000000180027098     libucrt:qsort.obj
 0004:000010a4       $pdata$2$?shortsort@@YAXPEAD0_KP6AHPEBX2@Z@Z 00000001800270a4     libucrt:qsort.obj
 0004:000010b0       $pdata$3$?shortsort@@YAXPEAD0_KP6AHPEBX2@Z@Z 00000001800270b0     libucrt:qsort.obj
 0004:000010bc       $pdata$qsort               00000001800270bc     libucrt:qsort.obj
 0004:000010c8       $pdata$4$qsort             00000001800270c8     libucrt:qsort.obj
 0004:000010d4       $pdata$5$qsort             00000001800270d4     libucrt:qsort.obj
 0004:000010e0       $pdata$strncpy_s           00000001800270e0     libucrt:strncpy_s.obj
 0004:000010ec       $pdata$strpbrk             00000001800270ec     libucrt:strpbrk.obj
 0004:000010f8       $pdata$_mbsdec_l           00000001800270f8     libucrt:mbsdec.obj
 0004:00001104       $pdata$?initialize_multibyte@@YAHXZ 0000000180027104     libucrt:multibyte_initializer.obj
 0004:00001110       $pdata$_msize              0000000180027110     libucrt:msize.obj
 0004:0000111c       $pdata$_realloc_base       000000018002711c     libucrt:realloc_base.obj
 0004:00001128       $pdata$fegetenv            0000000180027128     libucrt:fegetenv.obj
 0004:00001134       $pdata$fesetenv            0000000180027134     libucrt:fesetenv.obj
 0004:00001140       $pdata$feholdexcept        0000000180027140     libucrt:feholdexcept.obj
 0004:00001158       $pdata$?write_double_translated_ansi_nolock@@YA?AUwrite_result@?A0x9c548279@@HQEBDI@Z 0000000180027158     libucrt:write.obj
 0004:00001164       $pdata$?write_text_ansi_nolock@@YA?AUwrite_result@?A0x9c548279@@HQEBDI@Z 0000000180027164     libucrt:write.obj
 0004:00001170       $pdata$?write_text_utf16le_nolock@@YA?AUwrite_result@?A0x9c548279@@HQEBDI@Z 0000000180027170     libucrt:write.obj
 0004:0000117c       $pdata$?write_text_utf8_nolock@@YA?AUwrite_result@?A0x9c548279@@HQEBDI@Z 000000018002717c     libucrt:write.obj
 0004:00001188       $pdata$_write              0000000180027188     libucrt:write.obj
 0004:00001194       $pdata$_write_nolock       0000000180027194     libucrt:write.obj
 0004:000011a0       $pdata$??$common_lseek_nolock@_J@@YA_JH_JH@Z 00000001800271a0     libucrt:lseek.obj
 0004:000011ac       $pdata$_fclose_nolock      00000001800271ac     libucrt:fclose.obj
 0004:000011b8       $pdata$fclose              00000001800271b8     libucrt:fclose.obj
 0004:000011c4       $pdata$??$?RV<lambda_b521505b218e5242e90febf6bfebc422>@@AEAV<lambda_6978c1fb23f02e42e1d9e99668cc68aa>@@V<lambda_314360699dd331753a4119843814e9a7>@@@?$__crt_seh_guarded_call@H@@QEAAH$$QEAV<lambda_b521505b218e5242e90febf6bfebc422>@@AEAV<lambda_6978c1fb23f02e42e1d9e99668cc68aa>@@$$QEAV<lambda_314360699dd331753a4119843814e9a7>@@@Z 00000001800271c4     libucrt:commit.obj
 0004:000011d0       $pdata$_commit             00000001800271d0     libucrt:commit.obj
 0004:000011dc       $pdata$_getfpcontrolword   00000001800271dc     libucrt:_fenvutils.obj
 0004:000011e8       $pdata$_getfpstatusword    00000001800271e8     libucrt:_fenvutils.obj
 0004:000011f4       $pdata$_setfpstatusword    00000001800271f4     libucrt:_fenvutils.obj
 0004:00001200       $pdata$_clearfp            0000000180027200     libucrt:ieee.obj
 0004:0000120c       $pdata$common_control87    000000018002720c     libucrt:ieee.obj
 0004:00001218       $pdata$_call_matherr       0000000180027218     libucrt:libm_error.obj
 0004:00001224       $pdata$_exception_enabled  0000000180027224     libucrt:libm_error.obj
 0004:00001230       $pdata$_handle_error       0000000180027230     libucrt:libm_error.obj
 0004:0000123c       $pdata$__acrt_initialize_fma3 000000018002723c     libucrt:fma3_available.obj
 0004:00001248       $pdata$_log10_special      0000000180027248     libucrt:log_special.obj
 0004:00001254       $pdata$_log_special_common 0000000180027254     libucrt:log_special.obj
 0004:00001260       $pdata$_putwch_nolock      0000000180027260     libucrt:putwch.obj
 0004:0000126c       $pdata$??$?RV<lambda_bfedae4ebbf01fab1bb6dcc6a9e276e0>@@AEAV<lambda_2fe9b910cf3cbf4a0ab98a02ba45b3ec>@@V<lambda_237c231691f317818eb88cc1d5d642d6>@@@?$__crt_seh_guarded_call@H@@QEAAH$$QEAV<lambda_bfedae4ebbf01fab1bb6dcc6a9e276e0>@@AEAV<lambda_2fe9b910cf3cbf4a0ab98a02ba45b3ec>@@$$QEAV<lambda_237c231691f317818eb88cc1d5d642d6>@@@Z 000000018002726c     libucrt:close.obj
 0004:00001278       $pdata$_close              0000000180027278     libucrt:close.obj
 0004:00001284       $pdata$_close_nolock       0000000180027284     libucrt:close.obj
 0004:0000129c       $pdata$_raise_exc          000000018002729c     libucrt:fpexcept.obj
 0004:000012a8       $pdata$_raise_exc_ex       00000001800272a8     libucrt:fpexcept.obj
 0004:000012b4       $pdata$_set_errno_from_matherr 00000001800272b4     libucrt:fpexcept.obj
 0004:000012c0       $pdata$_clrfp              00000001800272c0     libucrt:fpctrl.obj
 0004:000012cc       $pdata$_ctrlfp             00000001800272cc     libucrt:fpctrl.obj
 0004:000012d8       $pdata$_set_statfp         00000001800272d8     libucrt:fpctrl.obj
 0004:000012e4       $pdata$_statfp             00000001800272e4     libucrt:fpctrl.obj
 0004:000012f0       $pdata$__dcrt_lowio_initialize_console_output 00000001800272f0     libucrt:initcon.obj
 0004:000012fc       $pdata$__dcrt_terminate_console_output 00000001800272fc     libucrt:initcon.obj
 0004:00001308       $pdata$?DloadAcquireSectionWriteAccess@@YAXXZ 0000000180027308     DelayImp:delayhlp.obj
 0004:00001314       $pdata$?DloadGetSRWLockFunctionPointers@@YAEXZ 0000000180027314     DelayImp:delayhlp.obj
 0004:00001320       $pdata$?DloadMakePermanentImageCommit@@YAXPEAX_K@Z 0000000180027320     DelayImp:delayhlp.obj
 0004:0000132c       $pdata$?DloadObtainSection@@YAPEAXPEAK0@Z 000000018002732c     DelayImp:delayhlp.obj
 0004:00001338       $pdata$?DloadProtectSection@@YAXKPEAK@Z 0000000180027338     DelayImp:delayhlp.obj
 0004:00001344       $pdata$?DloadReleaseSectionWriteAccess@@YAXXZ 0000000180027344     DelayImp:delayhlp.obj
 0004:00001350       $pdata$__delayLoadHelper2  0000000180027350     DelayImp:delayhlp.obj
 0004:0000135c       $pdata$_IsNonwritableInCurrentImage 000000018002735c     LIBCMT:pesect.obj
 0004:00001380       $pdata$strrchr             0000000180027380     libvcruntime:strrchr.obj
 0004:000013a4       $pdata$?fin$0@?0??dllmain_crt_process_attach@@YAHQEAUHINSTANCE__@@QEAX@Z@4HA 00000001800273a4     LIBCMT:dll_dllmain.obj
 0004:000013b0       $pdata$?fin$0@?0??dllmain_crt_process_detach@@YAH_N@Z@4HA 00000001800273b0     LIBCMT:dll_dllmain.obj
 0004:000013bc       $pdata$?filt$0@?0??dllmain_dispatch@@YAHQEAUHINSTANCE__@@KQEAX@Z@4HA 00000001800273bc     LIBCMT:dll_dllmain.obj
 0004:000013c8       $pdata$__scrt_is_nonwritable_in_current_image$filt$0 00000001800273c8     LIBCMT:utility.obj
 0004:000013d4       $pdata$?filt$0@?0??DebuggerProbe@@YAHK@Z@4HA 00000001800273d4     LIBCMT:_error_.obj
 0004:000013d4       $pdata$?filt$0@?0??DebuggerRuntime@@YAHKHPEAXPEB_W@Z@4HA 00000001800273d4     LIBCMT:_error_.obj
 0004:000013e0       $pdata$?filt$0@?0??common_exit@@YAXHW4_crt_exit_cleanup_mode@@W4_crt_exit_return_mode@@@Z@4HA 00000001800273e0     libucrt:exit.obj
 0004:000013ec       $pdata$?fin$1@?0??common_exit@@YAXHW4_crt_exit_cleanup_mode@@W4_crt_exit_return_mode@@@Z@4HA 00000001800273ec     libucrt:exit.obj
 0004:000013f8       $pdata$?fin$0@?0???$?RV<lambda_e24bbb7b643b32fcea6fa61b31d4c984>@@AEAV<lambda_275893d493268fdec8709772e3fcec0e>@@V<lambda_9d71df4d7cf3f480f8d633942495c3b0>@@@?$__crt_seh_guarded_call@H@@QEAAH$$QEAV<lambda_e24bbb7b643b32fcea6fa61b31d4c984>@@AEAV<lambda_275893d493268fdec8709772e3fcec0e>@@$$QEAV<lambda_9d71df4d7cf3f480f8d633942495c3b0>@@@Z@4HA 00000001800273f8     libucrt:onexit.obj
 0004:00001404       $pdata$__acrt_lowio_ensure_fh_exists$fin$0 0000000180027404     libucrt:osfinfo.obj
 0004:00001404       $pdata$__acrt_initialize_lowio$fin$0 0000000180027404     libucrt:ioinit.obj
 0004:00001410       $pdata$?fin$0@?0???$?RV<lambda_46352004c1216016012b18bd6f87e700>@@AEAV<lambda_3bd07e1a1191394380780325891bf33f>@@V<lambda_334532d3f185bcaa59b5be82d7d22bff>@@@?$__crt_seh_guarded_call@X@@QEAAX$$QEAV<lambda_46352004c1216016012b18bd6f87e700>@@AEAV<lambda_3bd07e1a1191394380780325891bf33f>@@$$QEAV<lambda_334532d3f185bcaa59b5be82d7d22bff>@@@Z@4HA 0000000180027410     libucrt:per_thread_data.obj
 0004:00001410       $pdata$?fin$0@?0???$?RV<lambda_5e887d1dcbef67a5eb4283622ba103bf>@@AEAV<lambda_4466841279450cc726390878d4a41900>@@V<lambda_341c25c0346d94847f1f3c463c57e077>@@@?$__crt_seh_guarded_call@X@@QEAAX$$QEAV<lambda_5e887d1dcbef67a5eb4283622ba103bf>@@AEAV<lambda_4466841279450cc726390878d4a41900>@@$$QEAV<lambda_341c25c0346d94847f1f3c463c57e077>@@@Z@4HA 0000000180027410     libucrt:per_thread_data.obj
 0004:00001410       $pdata$?fin$0@?0???$?RV<lambda_72d1df2b273a38828b1ce30cbf4cdab5>@@AEAV<lambda_876a65b173b8412d3a47c70a915b0cf4>@@V<lambda_41932305e351933ebe8f8be3ed8bb5dc>@@@?$__crt_seh_guarded_call@X@@QEAAX$$QEAV<lambda_72d1df2b273a38828b1ce30cbf4cdab5>@@AEAV<lambda_876a65b173b8412d3a47c70a915b0cf4>@@$$QEAV<lambda_41932305e351933ebe8f8be3ed8bb5dc>@@@Z@4HA 0000000180027410     libucrt:per_thread_data.obj
 0004:00001410       $pdata$?fin$0@?0???$?RV<lambda_c36588078e9f5dfd39652860aa6b3aaf>@@AEAV<lambda_ec61778202f4f5fc7e7711acc23c3bca>@@V<lambda_dc9d2797ccde5d239b4a0efae8ebd7db>@@@?$__crt_seh_guarded_call@P6AXH@Z@@QEAAP6AXH@Z$$QEAV<lambda_c36588078e9f5dfd39652860aa6b3aaf>@@AEAV<lambda_ec61778202f4f5fc7e7711acc23c3bca>@@$$QEAV<lambda_dc9d2797ccde5d239b4a0efae8ebd7db>@@@Z@4HA 0000000180027410     libucrt:signal.obj
 0004:00001410       $pdata$?fin$0@?0???$?RV<lambda_99476a1ad63dd22509b5d3e65b0ffc95>@@AEAV<lambda_ad1ced32f4ac17aa236e5ef05d6b3b7c>@@V<lambda_f7424dd8d45958661754dc4f2697e9c3>@@@?$__crt_seh_guarded_call@X@@QEAAX$$QEAV<lambda_99476a1ad63dd22509b5d3e65b0ffc95>@@AEAV<lambda_ad1ced32f4ac17aa236e5ef05d6b3b7c>@@$$QEAV<lambda_f7424dd8d45958661754dc4f2697e9c3>@@@Z@4HA 0000000180027410     libucrt:mbctype.obj
 0004:00001410       $pdata$?fin$0@?0???$?RV<lambda_fb3a7dec4e47f37f22dae91bb15c9095>@@AEAV<lambda_698284760c8add0bfb0756c19673e34b>@@V<lambda_dfb8eca1e75fef3034a8fb18dd509707>@@@?$__crt_seh_guarded_call@X@@QEAAX$$QEAV<lambda_fb3a7dec4e47f37f22dae91bb15c9095>@@AEAV<lambda_698284760c8add0bfb0756c19673e34b>@@$$QEAV<lambda_dfb8eca1e75fef3034a8fb18dd509707>@@@Z@4HA 0000000180027410     libucrt:per_thread_data.obj
 0004:00001410       $pdata$?fin$0@?0???$?RV<lambda_b8c45f8f788dd370798f47cfe8ac3a86>@@AEAV<lambda_4e60a939b0d047cfe11ddc22648dfba9>@@V<lambda_332c3edc96d0294ec56c57d38c1cdfd5>@@@?$__crt_seh_guarded_call@H@@QEAAH$$QEAV<lambda_b8c45f8f788dd370798f47cfe8ac3a86>@@AEAV<lambda_4e60a939b0d047cfe11ddc22648dfba9>@@$$QEAV<lambda_332c3edc96d0294ec56c57d38c1cdfd5>@@@Z@4HA 0000000180027410     libucrt:onexit.obj
 0004:0000141c       $pdata$__acrt_update_thread_multibyte_data$fin$0 000000018002741c     libucrt:mbctype.obj
 0004:00001428       $pdata$_query_new_handler$fin$0 0000000180027428     libucrt:new_handler.obj
 0004:00001434       $pdata$raise$fin$0         0000000180027434     libucrt:signal.obj
 0004:00001440       $pdata$__acrt_update_thread_locale_data$fin$0 0000000180027440     libucrt:locale_refcounting.obj
 0004:00001440       $pdata$__acrt_uninitialize_locale$fin$0 0000000180027440     libucrt:wsetlocale.obj
 0004:0000144c       $pdata$_fcloseall$fin$0    000000018002744c     libucrt:closeall.obj
 0004:00001458       $pdata$common_flush_all$fin$0 0000000180027458     libucrt:fflush.obj
 0004:00001464       $pdata$common_flush_all$fin$1 0000000180027464     libucrt:fflush.obj
 0004:00001470       $pdata$_write$fin$0        0000000180027470     libucrt:write.obj
 0004:0000147c       $pdata$fclose$fin$0        000000018002747c     libucrt:fclose.obj
 0004:00001488       $pdata$?fin$0@?0???$?RV<lambda_bfedae4ebbf01fab1bb6dcc6a9e276e0>@@AEAV<lambda_2fe9b910cf3cbf4a0ab98a02ba45b3ec>@@V<lambda_237c231691f317818eb88cc1d5d642d6>@@@?$__crt_seh_guarded_call@H@@QEAAH$$QEAV<lambda_bfedae4ebbf01fab1bb6dcc6a9e276e0>@@AEAV<lambda_2fe9b910cf3cbf4a0ab98a02ba45b3ec>@@$$QEAV<lambda_237c231691f317818eb88cc1d5d642d6>@@@Z@4HA 0000000180027488     libucrt:close.obj
 0004:00001488       $pdata$?fin$0@?0???$?RV<lambda_b521505b218e5242e90febf6bfebc422>@@AEAV<lambda_6978c1fb23f02e42e1d9e99668cc68aa>@@V<lambda_314360699dd331753a4119843814e9a7>@@@?$__crt_seh_guarded_call@H@@QEAAH$$QEAV<lambda_b521505b218e5242e90febf6bfebc422>@@AEAV<lambda_6978c1fb23f02e42e1d9e99668cc68aa>@@$$QEAV<lambda_314360699dd331753a4119843814e9a7>@@@Z@4HA 0000000180027488     libucrt:commit.obj
 0004:00001494       $pdata$common_control87$filt$0 0000000180027494     libucrt:ieee.obj
 0004:00001494       $pdata$_ctrlfp$filt$0      0000000180027494     libucrt:fpctrl.obj
 0004:000014a0       $pdata$_IsNonwritableInCurrentImage$filt$0 00000001800274a0     LIBCMT:pesect.obj
 0005:00000000       __guard_fids__             0000000180028000     libucrt:initialization.obj
 0005:00000060       __guard_fids___acrt_initialize_ptd 0000000180028060     libucrt:per_thread_data.obj
 0005:00000064       __guard_fids_??$expand_argument_wildcards@D@@YAHQEAD0AEAV?$argument_list@D@?A0xca0879c4@@@Z 0000000180028064     libucrt:argv_wildcards.obj
 0005:00000068       __guard_fids__             0000000180028068     libucrt:stdio_initializer.obj
 0005:0000006c       __guard_fids__             000000018002806c     libucrt:stdio_initializer.obj
 0005:00000070       __guard_fids__             0000000180028070     libucrt:locale_initializer.obj
 0005:00000074       __guard_fids__             0000000180028074     libucrt:multibyte_initializer.obj
 0005:00000078       __guard_fids__             0000000180028078     libucrt:fma3_initializer.obj
 0005:0000007c       __guard_fids__             000000018002807c     libucrt:console_output_initializer.obj
 0005:00000080       __guard_fids_?dllmain_crt_process_attach@@YAHQEAUHINSTANCE__@@QEAX@Z 0000000180028080     LIBCMT:dll_dllmain.obj
 0005:00000088       __guard_fids_?dllmain_dispatch@@YAHQEAUHINSTANCE__@@KQEAX@Z 0000000180028088     LIBCMT:dll_dllmain.obj
 0005:0000008c       __guard_fids__             000000018002808c     LIBCMT:guard_support.obj
 0005:00000090       __guard_fids__             0000000180028090     libvcruntime:telemetry.obj
 0005:00000094       __guard_fids_?TraceLoggingRegister@__vcrt_trace_logging_provider@@YAJPEBU_TlgProvider_t@1@PEBU_GUID@@P6AX1KE_K2PEAU_EVENT_FILTER_DESCRIPTOR@@PEAX@Z4@Z 0000000180028094     libvcruntime:telemetry.obj
 0005:00000098       __guard_fids___vcrt_initialize_ptd 0000000180028098     libvcruntime:per_thread_data.obj
 0006:00000060       $R000000                   0000000180029060     * linker generated manifest res *

 Exports

  ordinal    name

        1    _register_myaddon_
